// Jest Snapshot v1, https://goo.gl/fbAQLP

exports[`Media Page Blocks should match snapshot 1`] = `
.c0 {
  font-size: 1.75rem;
  line-height: 2rem;
  font-family: ReithSerif,Helvetica,Arial,sans-serif;
  font-weight: 500;
  font-style: normal;
  color: #3F3F42;
  margin: 0;
  padding: 2rem 0;
}

.c3 {
  position: absolute;
  top: 0;
  left: 0;
  width: 100%;
  height: 100%;
  border: 0;
  overflow: hidden;
}

.c2 {
  padding-top: 56.25%;
  position: relative;
  overflow: hidden;
}

.c1 {
  font-size: 0.9375rem;
  line-height: 1.25rem;
  font-family: ReithSans,Helvetica,Arial,sans-serif;
  font-weight: 400;
  font-style: normal;
  color: #3F3F42;
  padding-bottom: 1.5rem;
  margin: 0;
}

@media (min-width:20rem) and (max-width:37.4375rem) {
  .c0 {
    font-size: 2rem;
    line-height: 2.25rem;
  }
}

@media (min-width:37.5rem) {
  .c0 {
    font-size: 2.75rem;
    line-height: 3rem;
  }
}

@media (min-width:37.5rem) {
  .c0 {
    padding: 2.5rem 0;
  }
}

@media (min-width:20rem) and (max-width:37.4375rem) {
  .c1 {
    font-size: 1rem;
    line-height: 1.375rem;
  }
}

@media (min-width:37.5rem) {
  .c1 {
    font-size: 1rem;
    line-height: 1.375rem;
  }
}

<div>
  <h1
    class="c0"
    id="content"
  >
    ያድምጡ
  </h1>
  <p
    class="c1"
  >
    ዝግጅቶቻችንን
  </p>
  <div
    class="c2"
  >
    <iframe
      allow="autoplay; fullscreen"
      allowfullscreen=""
      class="c3"
      scrolling="no"
      src="/ws/av-embeds/media/bbc_amharic_radio/liveradio"
    />
  </div>
</div>
`;
