// Jest Snapshot v1, https://goo.gl/fbAQLP

exports[`CpsTextContainer with data should render correctly 1`] = `
.c1 {
  font-size: 0.9375rem;
  line-height: 1.25rem;
  font-family: ReithSans,Helvetica,Arial,sans-serif;
  font-weight: 400;
  font-style: normal;
  color: #3F3F42;
  padding-bottom: 1.5rem;
  margin: 0;
}

.c0 {
  grid-column: 1 / span 6;
}

.c2 {
  font-size: 0.9375rem;
  line-height: 1.25rem;
  font-family: ReithSans,Helvetica,Arial,sans-serif;
  font-weight: 400;
  font-style: normal;
  margin-top: 0;
  list-style-type: none;
}

.c2 > li::before {
  content: 'Â ';
  display: inline-block;
  width: 2rem;
  background: url('data:image/svg+xml,%3Csvg%20height%3D%2710%27%20width%3D%2710%27%20xmlns%3D%27http%3A%2F%2Fwww.w3.org%2F2000%2Fsvg%27%3E%3Cstyle%3E%40media%20screen%20and%20%28-ms-high-contrast%3A%20active%29%7Bsvg%7Bfill%3A%20%23fff%7D%7D%3C%2Fstyle%3E%3Ccircle%20cx%3D%275%27%20cy%3D%275%27%20r%3D%273%27%3E%3C%2Fcircle%3E%3C%2Fsvg%3E') no-repeat center;
  margin-left: -2rem;
}

.c3 {
  margin-bottom: 1rem;
}

@media (min-width:20rem) and (max-width:37.4375rem) {
  .c1 {
    font-size: 1rem;
    line-height: 1.375rem;
  }
}

@media (min-width:37.5rem) {
  .c1 {
    font-size: 1rem;
    line-height: 1.375rem;
  }
}

@media (max-width:25rem) {
  .c0 {
    padding: 0 0.5rem;
  }
}

@media (min-width:25rem) and (max-width:62.9375rem) {
  .c0 {
    padding: 0 1rem;
  }
}

@media (min-width:37.5rem) {
  .c0 {
    grid-column: 1 / span 5;
    max-width: 83.33%;
  }
}

@media (min-width:63rem) and (max-width:80rem) {
  .c0 {
    grid-column: 3 / span 5;
    max-width: 37.75rem;
  }
}

@media (min-width:80rem) {
  .c0 {
    grid-column: 6 / span 10;
    max-width: 38.5rem;
  }
}

@supports (display:grid) {
  .c0 {
    max-width: initial;
  }
}

@media (min-width:20rem) and (max-width:37.4375rem) {
  .c2 {
    font-size: 1rem;
    line-height: 1.375rem;
  }
}

@media (min-width:37.5rem) {
  .c2 {
    font-size: 1rem;
    line-height: 1.375rem;
  }
}

<div>
  <div
    class="c0"
  >
    <p
      class="c1"
    >
      This is a 1st paragraph block.
    </p>
  </div>
  <div
    class="c0"
  >
    <p
      class="c1"
    >
      This is a 2nd paragraph block.
    </p>
  </div>
  <div
    class="c0"
  >
    <p
      class="c1"
    >
      This is a 3rd paragraph block.
    </p>
  </div>
  <div
    class="c0"
  >
    <p
      class="c1"
    >
      This is a 4th paragraph block..
    </p>
  </div>
  <div
    class="c0"
  >
    <p
      class="c1"
    >
      This is a 5th paragraph block.
    </p>
  </div>
  <div
    class="c0"
  >
    <ul
      class="c2"
      dir="ltr"
      role="list"
    >
      <li
        class="c3"
        role="listitem"
      >
        This is a list item
      </li>
    </ul>
  </div>
  <div
    class="c0"
  >
    <ul
      class="c2"
      dir="ltr"
      role="list"
    >
      <li
        class="c3"
        role="listitem"
      >
        This is a list item
      </li>
    </ul>
  </div>
</div>
`;
