// Jest Snapshot v1, https://goo.gl/fbAQLP

exports[`Media Page Main should match snapshot 1`] = `
.c0 {
  margin: 0 auto;
  padding-bottom: 2rem;
}

.c1 {
  grid-column: 1 / span 6;
}

@media (max-width:37.4375rem) {
  .c0 {
    grid-column-gap: 0.5rem;
  }
}

@media (min-width:37.5rem) {
  .c0 {
    grid-column-gap: 1rem;
  }
}

@media (max-width:62.9375rem) {
  .c0 {
    grid-template-columns: repeat(6,1fr);
  }
}

@media (min-width:63rem) and (max-width:80rem) {
  .c0 {
    grid-template-columns: 1fr repeat(8,minmax(0,6.75rem)) 1fr;
    max-width: 45.5rem;
  }
}

@media (min-width:80rem) {
  .c0 {
    grid-template-columns: 1fr repeat(20,minmax(0,2.95rem)) 1fr;
    max-width: 46.4rem;
  }
}

@supports (display:grid) {
  .c0 {
    display: grid;
    max-width: initial;
    margin: initial;
  }
}

@media (max-width:25rem) {
  .c1 {
    padding: 0 0.5rem;
  }
}

@media (min-width:25rem) and (max-width:62.9375rem) {
  .c1 {
    padding: 0 1rem;
  }
}

@media (min-width:37.5rem) {
  .c1 {
    grid-column: 1 / span 5;
    max-width: 83.33%;
  }
}

@media (min-width:63rem) and (max-width:80rem) {
  .c1 {
    grid-column: 3 / span 5;
    max-width: 37.75rem;
  }
}

@media (min-width:80rem) {
  .c1 {
    grid-column: 6 / span 10;
    max-width: 38.5rem;
  }
}

@supports (display:grid) {
  .c1 {
    max-width: initial;
  }
}

<div>
  <noscript />
  <div
    id="metadata"
  />
  <main
    class="c0"
    role="main"
  >
    <div
      class="c1"
    >
      <div
        blocks="[object Object],[object Object],[object Object]"
        id="blocks"
      />
    </div>
  </main>
</div>
`;
