// Jest Snapshot v1, https://goo.gl/fbAQLP

exports[`CanonicalChartbeatAnalytics should return the helmet wrapper with the script snippet 1`] = `
<html>
  <head>
    <script
      async="true"
      type="text/javascript"
    >
      
        (function(){
          var _sf_async_config = window._sf_async_config = (window._sf_async_config || {});
          var config = {"domain":"test-domain","type":"article","sections":"section1 section2","chartbeatUID":1111,"virtualReferrer":null,"useCanonical":true,"title":"This is an article","uid":123};
          for (var key in config) {
            _sf_async_config[key] = config[key];
          }
        })();
      
    </script>
    <script
      async="true"
      src="//chartbeat.js"
      type="text/javascript"
    />
  </head>
  <body>
    <div />
  </body>
</html>
`;
