// Jest Snapshot v1, https://goo.gl/fbAQLP

exports[`MediaPageBlocks Heading should render correctly 1`] = `
.c0 {
  font-size: 1.75rem;
  line-height: 2rem;
  font-family: ReithSerif,Helvetica,Arial,sans-serif;
  font-weight: 500;
  font-style: normal;
  color: #3F3F42;
  margin: 0;
  padding: 2rem 0;
}

@media (min-width:20rem) and (max-width:37.4375rem) {
  .c0 {
    font-size: 2rem;
    line-height: 2.25rem;
  }
}

@media (min-width:37.5rem) {
  .c0 {
    font-size: 2.75rem;
    line-height: 3rem;
  }
}

@media (min-width:37.5rem) {
  .c0 {
    padding: 2.5rem 0;
  }
}

<h1
  class="c0"
  id="idAttr"
>
  Example text
</h1>
`;
