// Jest Snapshot v1, https://goo.gl/fbAQLP

exports[`LinkData should correctly render metadata for frontpages 1`] = `
<html>
  <head>
    <script
      type="application/ld+json"
    >
      {"@context":"http://schema.org","@type":"Article","url":"https://www.bbc.com/news/articles/c9rpqy7pmypo","publisher":{"@type":"NewsMediaOrganization","name":"BBC News","publishingPrinciples":"https://www.bbc.com/news/help-41670342","logo":{"@type":"ImageObject","width":1024,"height":576,"url":"https://www.bbc.com/news/special/2015/newsspec_10857/bbc_news_logo.png"}},"image":{"@type":"ImageObject","width":1024,"height":576,"url":"https://www.bbc.com/news/special/2015/newsspec_10857/bbc_news_logo.png"},"thumbnailUrl":"https://www.bbc.com/news/special/2015/newsspec_10857/bbc_news_logo.png","mainEntityOfPage":{"@type":"WebPage","@id":"https://www.bbc.com/news/articles/c9rpqy7pmypo","name":"Royal wedding 2018: Bouquet laid on tomb of unknown warrior"},"headline":"Royal wedding 2018: Bouquet laid on tomb of unknown warrior","datePublished":"2018-10-10T16:19:31.344Z","dateModified":"2019-02-26T11:25:10.555Z","author":{"@type":"NewsMediaOrganization","name":"BBC News","logo":{"@type":"ImageObject","width":1024,"height":576,"url":"https://www.bbc.com/news/special/2015/newsspec_10857/bbc_news_logo.png"},"noBylinesPolicy":"https://www.bbc.com/news/help-41670342#authorexpertise"},"about":[{"@type":"Person","name":"Duchess of Sussex","alternateName":"Meghan Markle","sameAs":["http://dbpedia.org/resource/Meghan_Markle"]}]}
    </script>
    <script
      type="application/ld+json"
    >
      {"@context":"http://schema.org","@type":"Article","url":"https://www.bbc.com/news/articles/c9rpqy7pmypo","publisher":{"@type":"NewsMediaOrganization","name":"BBC News","publishingPrinciples":"https://www.bbc.com/news/help-41670342","logo":{"@type":"ImageObject","width":1024,"height":576,"url":"https://www.bbc.com/news/special/2015/newsspec_10857/bbc_news_logo.png"}},"image":{"@type":"ImageObject","width":1024,"height":576,"url":"https://www.bbc.com/news/special/2015/newsspec_10857/bbc_news_logo.png"},"thumbnailUrl":"https://www.bbc.com/news/special/2015/newsspec_10857/bbc_news_logo.png","mainEntityOfPage":{"@type":"WebPage","@id":"https://www.bbc.com/news/articles/c9rpqy7pmypo","name":"Royal wedding 2018: Bouquet laid on tomb of unknown warrior"},"headline":"Royal wedding 2018: Bouquet laid on tomb of unknown warrior","datePublished":"2018-10-10T16:19:31.344Z","dateModified":"2019-02-26T11:25:10.555Z","author":{"@type":"NewsMediaOrganization","name":"BBC News","logo":{"@type":"ImageObject","width":1024,"height":576,"url":"https://www.bbc.com/news/special/2015/newsspec_10857/bbc_news_logo.png"},"noBylinesPolicy":"https://www.bbc.com/news/help-41670342#authorexpertise"}}
    </script>
    <script
      type="application/ld+json"
    >
      {"@context":"http://schema.org","@type":"WebPage","url":"https://www.bbc.com/igbo","publisher":{"@type":"NewsMediaOrganization","name":"BBC News","publishingPrinciples":"https://www.bbc.com/news/help-41670342","logo":{"@type":"ImageObject","width":1024,"height":576,"url":"https://news.files.bbci.co.uk/ws/img/logos/og/igbo.png"}},"image":{"@type":"ImageObject","width":1024,"height":576,"url":"https://news.files.bbci.co.uk/ws/img/logos/og/igbo.png"},"thumbnailUrl":"https://news.files.bbci.co.uk/ws/img/logos/og/igbo.png","mainEntityOfPage":{"@type":"WebPage","@id":"https://www.bbc.com/igbo","name":"Ogbako"}}
    </script>
  </head>
  <body>
    <div />
  </body>
</html>
`;

exports[`LinkData should correctly render metadata for links 1`] = `
<html>
  <head>
    <script
      type="application/ld+json"
    >
      {"@context":"http://schema.org","@type":"Article","url":"https://www.bbc.com/news/articles/c9rpqy7pmypo","publisher":{"@type":"NewsMediaOrganization","name":"BBC News","publishingPrinciples":"https://www.bbc.com/news/help-41670342","logo":{"@type":"ImageObject","width":1024,"height":576,"url":"https://www.bbc.com/news/special/2015/newsspec_10857/bbc_news_logo.png"}},"image":{"@type":"ImageObject","width":1024,"height":576,"url":"https://www.bbc.com/news/special/2015/newsspec_10857/bbc_news_logo.png"},"thumbnailUrl":"https://www.bbc.com/news/special/2015/newsspec_10857/bbc_news_logo.png","mainEntityOfPage":{"@type":"WebPage","@id":"https://www.bbc.com/news/articles/c9rpqy7pmypo","name":"Royal wedding 2018: Bouquet laid on tomb of unknown warrior"},"headline":"Royal wedding 2018: Bouquet laid on tomb of unknown warrior","datePublished":"2018-10-10T16:19:31.344Z","dateModified":"2019-02-26T11:25:10.555Z","author":{"@type":"NewsMediaOrganization","name":"BBC News","logo":{"@type":"ImageObject","width":1024,"height":576,"url":"https://www.bbc.com/news/special/2015/newsspec_10857/bbc_news_logo.png"},"noBylinesPolicy":"https://www.bbc.com/news/help-41670342#authorexpertise"},"about":[{"@type":"Person","name":"Duchess of Sussex","alternateName":"Meghan Markle","sameAs":["http://dbpedia.org/resource/Meghan_Markle"]}]}
    </script>
  </head>
  <body>
    <div />
  </body>
</html>
`;

exports[`LinkData should correctly render metadata with no about tags for links 1`] = `
<html>
  <head>
    <script
      type="application/ld+json"
    >
      {"@context":"http://schema.org","@type":"Article","url":"https://www.bbc.com/news/articles/c9rpqy7pmypo","publisher":{"@type":"NewsMediaOrganization","name":"BBC News","publishingPrinciples":"https://www.bbc.com/news/help-41670342","logo":{"@type":"ImageObject","width":1024,"height":576,"url":"https://www.bbc.com/news/special/2015/newsspec_10857/bbc_news_logo.png"}},"image":{"@type":"ImageObject","width":1024,"height":576,"url":"https://www.bbc.com/news/special/2015/newsspec_10857/bbc_news_logo.png"},"thumbnailUrl":"https://www.bbc.com/news/special/2015/newsspec_10857/bbc_news_logo.png","mainEntityOfPage":{"@type":"WebPage","@id":"https://www.bbc.com/news/articles/c9rpqy7pmypo","name":"Royal wedding 2018: Bouquet laid on tomb of unknown warrior"},"headline":"Royal wedding 2018: Bouquet laid on tomb of unknown warrior","datePublished":"2018-10-10T16:19:31.344Z","dateModified":"2019-02-26T11:25:10.555Z","author":{"@type":"NewsMediaOrganization","name":"BBC News","logo":{"@type":"ImageObject","width":1024,"height":576,"url":"https://www.bbc.com/news/special/2015/newsspec_10857/bbc_news_logo.png"},"noBylinesPolicy":"https://www.bbc.com/news/help-41670342#authorexpertise"},"about":[{"@type":"Person","name":"Duchess of Sussex","alternateName":"Meghan Markle","sameAs":["http://dbpedia.org/resource/Meghan_Markle"]}]}
    </script>
    <script
      type="application/ld+json"
    >
      {"@context":"http://schema.org","@type":"Article","url":"https://www.bbc.com/news/articles/c9rpqy7pmypo","publisher":{"@type":"NewsMediaOrganization","name":"BBC News","publishingPrinciples":"https://www.bbc.com/news/help-41670342","logo":{"@type":"ImageObject","width":1024,"height":576,"url":"https://www.bbc.com/news/special/2015/newsspec_10857/bbc_news_logo.png"}},"image":{"@type":"ImageObject","width":1024,"height":576,"url":"https://www.bbc.com/news/special/2015/newsspec_10857/bbc_news_logo.png"},"thumbnailUrl":"https://www.bbc.com/news/special/2015/newsspec_10857/bbc_news_logo.png","mainEntityOfPage":{"@type":"WebPage","@id":"https://www.bbc.com/news/articles/c9rpqy7pmypo","name":"Royal wedding 2018: Bouquet laid on tomb of unknown warrior"},"headline":"Royal wedding 2018: Bouquet laid on tomb of unknown warrior","datePublished":"2018-10-10T16:19:31.344Z","dateModified":"2019-02-26T11:25:10.555Z","author":{"@type":"NewsMediaOrganization","name":"BBC News","logo":{"@type":"ImageObject","width":1024,"height":576,"url":"https://www.bbc.com/news/special/2015/newsspec_10857/bbc_news_logo.png"},"noBylinesPolicy":"https://www.bbc.com/news/help-41670342#authorexpertise"}}
    </script>
  </head>
  <body>
    <div />
  </body>
</html>
`;
