// Jest Snapshot v1, https://goo.gl/fbAQLP

exports[`FrontPageContainer Component Composing the Front Page Container using the page handlers should compose frontPageContainer with the Page Handler in the correct order 1`] = `
<div
  id="VariantContainer"
>
  <div
    id="ContextsContainer"
  >
    <div
      id="PageWrapperContainer"
    >
      <div
        id="LoadingContainer"
      >
        <div
          id="ErrorContainer"
        >
          <div
            id="DataContainer"
          >
            <div>
              FrontPageMain
            </div>
          </div>
        </div>
      </div>
    </div>
  </div>
</div>
`;
