// Jest Snapshot v1, https://goo.gl/fbAQLP

exports[`getIconLinks should render icon meta tags correctly 1`] = `
<div>
  <link
    href="https://news.files.bbci.co.uk/include/articles/public/news/images/icons/icon-72x72.png"
    rel="apple-touch-icon"
    sizes="72x72"
  />
  <link
    href="https://news.files.bbci.co.uk/include/articles/public/news/images/icons/icon-96x96.png"
    rel="apple-touch-icon"
    sizes="96x96"
  />
  <link
    href="https://news.files.bbci.co.uk/include/articles/public/news/images/icons/icon-128x128.png"
    rel="apple-touch-icon"
    sizes="128x128"
  />
  <link
    href="https://news.files.bbci.co.uk/include/articles/public/news/images/icons/icon-144x144.png"
    rel="apple-touch-icon"
    sizes="144x144"
  />
  <link
    href="https://news.files.bbci.co.uk/include/articles/public/news/images/icons/icon-152x152.png"
    rel="apple-touch-icon"
    sizes="152x152"
  />
  <link
    href="https://news.files.bbci.co.uk/include/articles/public/news/images/icons/icon-192x192.png"
    rel="apple-touch-icon"
    sizes="192x192"
  />
  <link
    href="https://news.files.bbci.co.uk/include/articles/public/news/images/icons/icon-384x384.png"
    rel="apple-touch-icon"
    sizes="384x384"
  />
  <link
    href="https://news.files.bbci.co.uk/include/articles/public/news/images/icons/icon-512x512.png"
    rel="apple-touch-icon"
    sizes="512x512"
  />
  <link
    href="https://news.files.bbci.co.uk/include/articles/public/news/images/icons/icon-72x72.png"
    rel="icon"
    sizes="72x72"
    type="image/png"
  />
  <link
    href="https://news.files.bbci.co.uk/include/articles/public/news/images/icons/icon-96x96.png"
    rel="icon"
    sizes="96x96"
    type="image/png"
  />
  <link
    href="https://news.files.bbci.co.uk/include/articles/public/news/images/icons/icon-192x192.png"
    rel="icon"
    sizes="192x192"
    type="image/png"
  />
</div>
`;
