// Jest Snapshot v1, https://goo.gl/fbAQLP

exports[`Metadata News AMP article should render correctly 1`] = `
<html
  amp=""
  dir="ltr"
  lang="en-GB"
>
  <head>
    <title>
      An article title - BBC News
    </title>
    <link
      href="https://www.bbc.com/news/articles/c0000000001o"
      rel="canonical"
    />
    <link
      href="https://www.bbc.com/news/articles/c0000000001o.amp"
      hreflang="x-default"
      rel="alternate"
    />
    <link
      href="https://www.bbc.com/news/articles/c0000000001o.amp"
      hreflang="en"
      rel="alternate"
    />
    <link
      href="https://www.bbc.co.uk/news/articles/c0000000001o.amp"
      hreflang="en-gb"
      rel="alternate"
    />
    <link
      href="https://foo.com/static/news/image.png"
      rel="apple-touch-icon"
    />
    <link
      href="https://news.files.bbci.co.uk/include/articles/public/news/images/icons/icon-72x72.png"
      rel="apple-touch-icon"
      sizes="72x72"
    />
    <link
      href="https://news.files.bbci.co.uk/include/articles/public/news/images/icons/icon-96x96.png"
      rel="apple-touch-icon"
      sizes="96x96"
    />
    <link
      href="https://news.files.bbci.co.uk/include/articles/public/news/images/icons/icon-128x128.png"
      rel="apple-touch-icon"
      sizes="128x128"
    />
    <link
      href="https://news.files.bbci.co.uk/include/articles/public/news/images/icons/icon-144x144.png"
      rel="apple-touch-icon"
      sizes="144x144"
    />
    <link
      href="https://news.files.bbci.co.uk/include/articles/public/news/images/icons/icon-152x152.png"
      rel="apple-touch-icon"
      sizes="152x152"
    />
    <link
      href="https://news.files.bbci.co.uk/include/articles/public/news/images/icons/icon-192x192.png"
      rel="apple-touch-icon"
      sizes="192x192"
    />
    <link
      href="https://news.files.bbci.co.uk/include/articles/public/news/images/icons/icon-384x384.png"
      rel="apple-touch-icon"
      sizes="384x384"
    />
    <link
      href="https://news.files.bbci.co.uk/include/articles/public/news/images/icons/icon-512x512.png"
      rel="apple-touch-icon"
      sizes="512x512"
    />
    <link
      href="https://news.files.bbci.co.uk/include/articles/public/news/images/icons/icon-72x72.png"
      rel="icon"
      sizes="72x72"
      type="image/png"
    />
    <link
      href="https://news.files.bbci.co.uk/include/articles/public/news/images/icons/icon-96x96.png"
      rel="icon"
      sizes="96x96"
      type="image/png"
    />
    <link
      href="https://news.files.bbci.co.uk/include/articles/public/news/images/icons/icon-192x192.png"
      rel="icon"
      sizes="192x192"
      type="image/png"
    />
    <link
      href="https://news.files.bbci.co.uk/include/articles/public/news/images/icons/icon-512x512.png"
      rel="apple-touch-startup-image"
    />
    <link
      href="/favicon.ico"
      rel="shortcut icon"
      type="image/x-icon"
    />
    <meta
      content="IE=edge"
      http-equiv="X-UA-Compatible"
    />
    <meta
      charset="utf-8"
    />
    <meta
      content="noodp,noydir"
      name="robots"
    />
    <meta
      content="#B80000"
      name="theme-color"
    />
    <meta
      content="width=device-width, initial-scale=1, minimum-scale=1"
      name="viewport"
    />
    <meta
      content="BBC News"
      name="apple-mobile-web-app-title"
    />
    <meta
      content="BBC News"
      name="application-name"
    />
    <meta
      content="This is a description"
      name="description"
    />
    <meta
      content="101010"
      name="fb:admins"
    />
    <meta
      content="202020"
      name="fb:app_id"
    />
    <meta
      content="yes"
      name="mobile-web-app-capable"
    />
    <meta
      content="#B80000"
      name="msapplication-TileColor"
    />
    <meta
      content="https://news.files.bbci.co.uk/include/articles/public/news/images/icons/icon-144x144.png"
      name="msapplication-TileImage"
    />
    <meta
      content="This is a description"
      name="og:description"
    />
    <meta
      content="https://www.bbc.com/news/image.png"
      name="og:image"
    />
    <meta
      content="BBC News"
      name="og:image:alt"
    />
    <meta
      content="en_GB"
      name="og:locale"
    />
    <meta
      content="BBC News"
      name="og:site_name"
    />
    <meta
      content="An article title - BBC News"
      name="og:title"
    />
    <meta
      content="article"
      name="og:type"
    />
    <meta
      content="https://www.bbc.com/news/articles/c0000000001o"
      name="og:url"
    />
    <meta
      content="summary_large_image"
      name="twitter:card"
    />
    <meta
      content="@BBCNews"
      name="twitter:creator"
    />
    <meta
      content="This is a description"
      name="twitter:description"
    />
    <meta
      content="BBC News"
      name="twitter:image:alt"
    />
    <meta
      content="https://www.bbc.com/news/image.png"
      name="twitter:image:src"
    />
    <meta
      content="@BBCNews"
      name="twitter:site"
    />
    <meta
      content="An article title - BBC News"
      name="twitter:title"
    />
  </head>
  <body>
    <div />
  </body>
</html>
`;

exports[`Metadata News article should render correctly 1`] = `
<html
  dir="ltr"
  lang="en-GB"
>
  <head>
    <title>
      An article title - BBC News
    </title>
    <link
      href="https://www.bbc.com/news/articles/c0000000001o"
      rel="canonical"
    />
    <link
      href="https://www.bbc.com/news/articles/c0000000001o"
      hreflang="x-default"
      rel="alternate"
    />
    <link
      href="https://www.bbc.com/news/articles/c0000000001o"
      hreflang="en"
      rel="alternate"
    />
    <link
      href="https://www.bbc.co.uk/news/articles/c0000000001o"
      hreflang="en-gb"
      rel="alternate"
    />
    <link
      href="https://www.bbc.com/news/articles/c0000000001o.amp"
      rel="amphtml"
    />
    <link
      href="https://foo.com/static/news/image.png"
      rel="apple-touch-icon"
    />
    <link
      href="https://news.files.bbci.co.uk/include/articles/public/news/images/icons/icon-72x72.png"
      rel="apple-touch-icon"
      sizes="72x72"
    />
    <link
      href="https://news.files.bbci.co.uk/include/articles/public/news/images/icons/icon-96x96.png"
      rel="apple-touch-icon"
      sizes="96x96"
    />
    <link
      href="https://news.files.bbci.co.uk/include/articles/public/news/images/icons/icon-128x128.png"
      rel="apple-touch-icon"
      sizes="128x128"
    />
    <link
      href="https://news.files.bbci.co.uk/include/articles/public/news/images/icons/icon-144x144.png"
      rel="apple-touch-icon"
      sizes="144x144"
    />
    <link
      href="https://news.files.bbci.co.uk/include/articles/public/news/images/icons/icon-152x152.png"
      rel="apple-touch-icon"
      sizes="152x152"
    />
    <link
      href="https://news.files.bbci.co.uk/include/articles/public/news/images/icons/icon-192x192.png"
      rel="apple-touch-icon"
      sizes="192x192"
    />
    <link
      href="https://news.files.bbci.co.uk/include/articles/public/news/images/icons/icon-384x384.png"
      rel="apple-touch-icon"
      sizes="384x384"
    />
    <link
      href="https://news.files.bbci.co.uk/include/articles/public/news/images/icons/icon-512x512.png"
      rel="apple-touch-icon"
      sizes="512x512"
    />
    <link
      href="https://news.files.bbci.co.uk/include/articles/public/news/images/icons/icon-72x72.png"
      rel="icon"
      sizes="72x72"
      type="image/png"
    />
    <link
      href="https://news.files.bbci.co.uk/include/articles/public/news/images/icons/icon-96x96.png"
      rel="icon"
      sizes="96x96"
      type="image/png"
    />
    <link
      href="https://news.files.bbci.co.uk/include/articles/public/news/images/icons/icon-192x192.png"
      rel="icon"
      sizes="192x192"
      type="image/png"
    />
    <link
      href="https://news.files.bbci.co.uk/include/articles/public/news/images/icons/icon-512x512.png"
      rel="apple-touch-startup-image"
    />
    <link
      href="/favicon.ico"
      rel="shortcut icon"
      type="image/x-icon"
    />
    <meta
      content="IE=edge"
      http-equiv="X-UA-Compatible"
    />
    <meta
      charset="utf-8"
    />
    <meta
      content="noodp,noydir"
      name="robots"
    />
    <meta
      content="#B80000"
      name="theme-color"
    />
    <meta
      content="width=device-width, initial-scale=1, minimum-scale=1"
      name="viewport"
    />
    <meta
      content="BBC News"
      name="apple-mobile-web-app-title"
    />
    <meta
      content="BBC News"
      name="application-name"
    />
    <meta
      content="This is a description"
      name="description"
    />
    <meta
      content="101010"
      name="fb:admins"
    />
    <meta
      content="202020"
      name="fb:app_id"
    />
    <meta
      content="yes"
      name="mobile-web-app-capable"
    />
    <meta
      content="#B80000"
      name="msapplication-TileColor"
    />
    <meta
      content="https://news.files.bbci.co.uk/include/articles/public/news/images/icons/icon-144x144.png"
      name="msapplication-TileImage"
    />
    <meta
      content="This is a description"
      name="og:description"
    />
    <meta
      content="https://www.bbc.com/news/image.png"
      name="og:image"
    />
    <meta
      content="BBC News"
      name="og:image:alt"
    />
    <meta
      content="en_GB"
      name="og:locale"
    />
    <meta
      content="BBC News"
      name="og:site_name"
    />
    <meta
      content="An article title - BBC News"
      name="og:title"
    />
    <meta
      content="article"
      name="og:type"
    />
    <meta
      content="https://www.bbc.com/news/articles/c0000000001o"
      name="og:url"
    />
    <meta
      content="summary_large_image"
      name="twitter:card"
    />
    <meta
      content="@BBCNews"
      name="twitter:creator"
    />
    <meta
      content="This is a description"
      name="twitter:description"
    />
    <meta
      content="BBC News"
      name="twitter:image:alt"
    />
    <meta
      content="https://www.bbc.com/news/image.png"
      name="twitter:image:src"
    />
    <meta
      content="@BBCNews"
      name="twitter:site"
    />
    <meta
      content="An article title - BBC News"
      name="twitter:title"
    />
  </head>
  <body>
    <div />
  </body>
</html>
`;

exports[`Metadata Persian AMP article should render correctly 1`] = `
<html
  amp=""
  dir="rtl"
  lang="fa"
>
  <head>
    <title>
      پهپادی که برایتان قهوه می‌آورد - BBC News فارسی
    </title>
    <link
      href="https://www.bbc.com/persian/articles/c4vlle3q337o"
      rel="canonical"
    />
    <link
      href="https://foo.com/static/persian/image.png"
      rel="apple-touch-icon"
    />
    <link
      href="https://news.files.bbci.co.uk/include/articles/public/persian/images/icons/icon-72x72.png"
      rel="apple-touch-icon"
      sizes="72x72"
    />
    <link
      href="https://news.files.bbci.co.uk/include/articles/public/persian/images/icons/icon-96x96.png"
      rel="apple-touch-icon"
      sizes="96x96"
    />
    <link
      href="https://news.files.bbci.co.uk/include/articles/public/persian/images/icons/icon-128x128.png"
      rel="apple-touch-icon"
      sizes="128x128"
    />
    <link
      href="https://news.files.bbci.co.uk/include/articles/public/persian/images/icons/icon-144x144.png"
      rel="apple-touch-icon"
      sizes="144x144"
    />
    <link
      href="https://news.files.bbci.co.uk/include/articles/public/persian/images/icons/icon-152x152.png"
      rel="apple-touch-icon"
      sizes="152x152"
    />
    <link
      href="https://news.files.bbci.co.uk/include/articles/public/persian/images/icons/icon-192x192.png"
      rel="apple-touch-icon"
      sizes="192x192"
    />
    <link
      href="https://news.files.bbci.co.uk/include/articles/public/persian/images/icons/icon-384x384.png"
      rel="apple-touch-icon"
      sizes="384x384"
    />
    <link
      href="https://news.files.bbci.co.uk/include/articles/public/persian/images/icons/icon-512x512.png"
      rel="apple-touch-icon"
      sizes="512x512"
    />
    <link
      href="https://news.files.bbci.co.uk/include/articles/public/persian/images/icons/icon-72x72.png"
      rel="icon"
      sizes="72x72"
      type="image/png"
    />
    <link
      href="https://news.files.bbci.co.uk/include/articles/public/persian/images/icons/icon-96x96.png"
      rel="icon"
      sizes="96x96"
      type="image/png"
    />
    <link
      href="https://news.files.bbci.co.uk/include/articles/public/persian/images/icons/icon-192x192.png"
      rel="icon"
      sizes="192x192"
      type="image/png"
    />
    <link
      href="https://news.files.bbci.co.uk/include/articles/public/persian/images/icons/icon-512x512.png"
      rel="apple-touch-startup-image"
    />
    <link
      href="/favicon.ico"
      rel="shortcut icon"
      type="image/x-icon"
    />
    <meta
      content="IE=edge"
      http-equiv="X-UA-Compatible"
    />
    <meta
      charset="utf-8"
    />
    <meta
      content="noodp,noydir"
      name="robots"
    />
    <meta
      content="#B80000"
      name="theme-color"
    />
    <meta
      content="width=device-width, initial-scale=1, minimum-scale=1"
      name="viewport"
    />
    <meta
      content="BBC News فارسی"
      name="apple-mobile-web-app-title"
    />
    <meta
      content="BBC News فارسی"
      name="application-name"
    />
    <meta
      content="This is a description"
      name="description"
    />
    <meta
      content="101010"
      name="fb:admins"
    />
    <meta
      content="202020"
      name="fb:app_id"
    />
    <meta
      content="yes"
      name="mobile-web-app-capable"
    />
    <meta
      content="#B80000"
      name="msapplication-TileColor"
    />
    <meta
      content="https://news.files.bbci.co.uk/include/articles/public/persian/images/icons/icon-144x144.png"
      name="msapplication-TileImage"
    />
    <meta
      content="This is a description"
      name="og:description"
    />
    <meta
      content="https://www.bbc.com/persian/image.png"
      name="og:image"
    />
    <meta
      content="BBC News فارسی"
      name="og:image:alt"
    />
    <meta
      content="fa"
      name="og:locale"
    />
    <meta
      content="BBC News فارسی"
      name="og:site_name"
    />
    <meta
      content="پهپادی که برایتان قهوه می‌آورد - BBC News فارسی"
      name="og:title"
    />
    <meta
      content="article"
      name="og:type"
    />
    <meta
      content="https://www.bbc.com/persian/articles/c4vlle3q337o"
      name="og:url"
    />
    <meta
      content="summary_large_image"
      name="twitter:card"
    />
    <meta
      content="@bbcpersian"
      name="twitter:creator"
    />
    <meta
      content="This is a description"
      name="twitter:description"
    />
    <meta
      content="BBC News فارسی"
      name="twitter:image:alt"
    />
    <meta
      content="https://www.bbc.com/persian/image.png"
      name="twitter:image:src"
    />
    <meta
      content="@bbcpersian"
      name="twitter:site"
    />
    <meta
      content="پهپادی که برایتان قهوه می‌آورد - BBC News فارسی"
      name="twitter:title"
    />
  </head>
  <body>
    <div />
  </body>
</html>
`;

exports[`Metadata Persian article should render correctly 1`] = `
<html
  amp=""
  dir="rtl"
  lang="fa"
>
  <head>
    <title>
      پهپادی که برایتان قهوه می‌آورد - BBC News فارسی
    </title>
    <link
      href="https://www.bbc.com/persian/articles/c4vlle3q337o"
      rel="canonical"
    />
    <link
      href="https://www.bbc.com/persian/articles/c4vlle3q337o.amp"
      rel="amphtml"
    />
    <link
      href="https://foo.com/static/persian/image.png"
      rel="apple-touch-icon"
    />
    <link
      href="https://news.files.bbci.co.uk/include/articles/public/persian/images/icons/icon-72x72.png"
      rel="apple-touch-icon"
      sizes="72x72"
    />
    <link
      href="https://news.files.bbci.co.uk/include/articles/public/persian/images/icons/icon-96x96.png"
      rel="apple-touch-icon"
      sizes="96x96"
    />
    <link
      href="https://news.files.bbci.co.uk/include/articles/public/persian/images/icons/icon-128x128.png"
      rel="apple-touch-icon"
      sizes="128x128"
    />
    <link
      href="https://news.files.bbci.co.uk/include/articles/public/persian/images/icons/icon-144x144.png"
      rel="apple-touch-icon"
      sizes="144x144"
    />
    <link
      href="https://news.files.bbci.co.uk/include/articles/public/persian/images/icons/icon-152x152.png"
      rel="apple-touch-icon"
      sizes="152x152"
    />
    <link
      href="https://news.files.bbci.co.uk/include/articles/public/persian/images/icons/icon-192x192.png"
      rel="apple-touch-icon"
      sizes="192x192"
    />
    <link
      href="https://news.files.bbci.co.uk/include/articles/public/persian/images/icons/icon-384x384.png"
      rel="apple-touch-icon"
      sizes="384x384"
    />
    <link
      href="https://news.files.bbci.co.uk/include/articles/public/persian/images/icons/icon-512x512.png"
      rel="apple-touch-icon"
      sizes="512x512"
    />
    <link
      href="https://news.files.bbci.co.uk/include/articles/public/persian/images/icons/icon-72x72.png"
      rel="icon"
      sizes="72x72"
      type="image/png"
    />
    <link
      href="https://news.files.bbci.co.uk/include/articles/public/persian/images/icons/icon-96x96.png"
      rel="icon"
      sizes="96x96"
      type="image/png"
    />
    <link
      href="https://news.files.bbci.co.uk/include/articles/public/persian/images/icons/icon-192x192.png"
      rel="icon"
      sizes="192x192"
      type="image/png"
    />
    <link
      href="https://news.files.bbci.co.uk/include/articles/public/persian/images/icons/icon-512x512.png"
      rel="apple-touch-startup-image"
    />
    <link
      href="/favicon.ico"
      rel="shortcut icon"
      type="image/x-icon"
    />
    <meta
      content="IE=edge"
      http-equiv="X-UA-Compatible"
    />
    <meta
      charset="utf-8"
    />
    <meta
      content="noodp,noydir"
      name="robots"
    />
    <meta
      content="#B80000"
      name="theme-color"
    />
    <meta
      content="width=device-width, initial-scale=1, minimum-scale=1"
      name="viewport"
    />
    <meta
      content="BBC News فارسی"
      name="apple-mobile-web-app-title"
    />
    <meta
      content="BBC News فارسی"
      name="application-name"
    />
    <meta
      content="This is a description"
      name="description"
    />
    <meta
      content="101010"
      name="fb:admins"
    />
    <meta
      content="202020"
      name="fb:app_id"
    />
    <meta
      content="yes"
      name="mobile-web-app-capable"
    />
    <meta
      content="#B80000"
      name="msapplication-TileColor"
    />
    <meta
      content="https://news.files.bbci.co.uk/include/articles/public/persian/images/icons/icon-144x144.png"
      name="msapplication-TileImage"
    />
    <meta
      content="This is a description"
      name="og:description"
    />
    <meta
      content="https://www.bbc.com/persian/image.png"
      name="og:image"
    />
    <meta
      content="BBC News فارسی"
      name="og:image:alt"
    />
    <meta
      content="fa"
      name="og:locale"
    />
    <meta
      content="BBC News فارسی"
      name="og:site_name"
    />
    <meta
      content="پهپادی که برایتان قهوه می‌آورد - BBC News فارسی"
      name="og:title"
    />
    <meta
      content="article"
      name="og:type"
    />
    <meta
      content="https://www.bbc.com/persian/articles/c4vlle3q337o"
      name="og:url"
    />
    <meta
      content="summary_large_image"
      name="twitter:card"
    />
    <meta
      content="@bbcpersian"
      name="twitter:creator"
    />
    <meta
      content="This is a description"
      name="twitter:description"
    />
    <meta
      content="BBC News فارسی"
      name="twitter:image:alt"
    />
    <meta
      content="https://www.bbc.com/persian/image.png"
      name="twitter:image:src"
    />
    <meta
      content="@bbcpersian"
      name="twitter:site"
    />
    <meta
      content="پهپادی که برایتان قهوه می‌آورد - BBC News فارسی"
      name="twitter:title"
    />
  </head>
  <body>
    <div />
  </body>
</html>
`;

exports[`Metadata WS Front Page does not render article metadata even if values provided should render correctly 1`] = `
<html
  amp=""
  dir="ltr"
  lang="pcm"
>
  <head>
    <title>
      Index title - BBC News
    </title>
    <link
      href="https://www.bbc.com/news/articles/c0000000001o"
      rel="canonical"
    />
    <link
      href="https://www.bbc.com/news/articles/c0000000001o"
      hreflang="x-default"
      rel="alternate"
    />
    <link
      href="https://www.bbc.com/news/articles/c0000000001o"
      hreflang="en"
      rel="alternate"
    />
    <link
      href="https://www.bbc.co.uk/news/articles/c0000000001o"
      hreflang="en-gb"
      rel="alternate"
    />
    <link
      href="https://www.bbc.com/news/articles/c0000000001o.amp"
      rel="amphtml"
    />
    <link
      href="https://foo.com/static/news/image.png"
      rel="apple-touch-icon"
    />
    <link
      href="https://news.files.bbci.co.uk/include/articles/public/news/images/icons/icon-72x72.png"
      rel="apple-touch-icon"
      sizes="72x72"
    />
    <link
      href="https://news.files.bbci.co.uk/include/articles/public/news/images/icons/icon-96x96.png"
      rel="apple-touch-icon"
      sizes="96x96"
    />
    <link
      href="https://news.files.bbci.co.uk/include/articles/public/news/images/icons/icon-128x128.png"
      rel="apple-touch-icon"
      sizes="128x128"
    />
    <link
      href="https://news.files.bbci.co.uk/include/articles/public/news/images/icons/icon-144x144.png"
      rel="apple-touch-icon"
      sizes="144x144"
    />
    <link
      href="https://news.files.bbci.co.uk/include/articles/public/news/images/icons/icon-152x152.png"
      rel="apple-touch-icon"
      sizes="152x152"
    />
    <link
      href="https://news.files.bbci.co.uk/include/articles/public/news/images/icons/icon-192x192.png"
      rel="apple-touch-icon"
      sizes="192x192"
    />
    <link
      href="https://news.files.bbci.co.uk/include/articles/public/news/images/icons/icon-384x384.png"
      rel="apple-touch-icon"
      sizes="384x384"
    />
    <link
      href="https://news.files.bbci.co.uk/include/articles/public/news/images/icons/icon-512x512.png"
      rel="apple-touch-icon"
      sizes="512x512"
    />
    <link
      href="https://news.files.bbci.co.uk/include/articles/public/news/images/icons/icon-72x72.png"
      rel="icon"
      sizes="72x72"
      type="image/png"
    />
    <link
      href="https://news.files.bbci.co.uk/include/articles/public/news/images/icons/icon-96x96.png"
      rel="icon"
      sizes="96x96"
      type="image/png"
    />
    <link
      href="https://news.files.bbci.co.uk/include/articles/public/news/images/icons/icon-192x192.png"
      rel="icon"
      sizes="192x192"
      type="image/png"
    />
    <link
      href="https://news.files.bbci.co.uk/include/articles/public/news/images/icons/icon-512x512.png"
      rel="apple-touch-startup-image"
    />
    <link
      href="/favicon.ico"
      rel="shortcut icon"
      type="image/x-icon"
    />
    <meta
      content="IE=edge"
      http-equiv="X-UA-Compatible"
    />
    <meta
      charset="utf-8"
    />
    <meta
      content="noodp,noydir"
      name="robots"
    />
    <meta
      content="#B80000"
      name="theme-color"
    />
    <meta
      content="width=device-width, initial-scale=1, minimum-scale=1"
      name="viewport"
    />
    <meta
      content="BBC News"
      name="apple-mobile-web-app-title"
    />
    <meta
      content="BBC News"
      name="application-name"
    />
    <meta
      content="This is a description"
      name="description"
    />
    <meta
      content="101010"
      name="fb:admins"
    />
    <meta
      content="202020"
      name="fb:app_id"
    />
    <meta
      content="yes"
      name="mobile-web-app-capable"
    />
    <meta
      content="#B80000"
      name="msapplication-TileColor"
    />
    <meta
      content="https://news.files.bbci.co.uk/include/articles/public/news/images/icons/icon-144x144.png"
      name="msapplication-TileImage"
    />
    <meta
      content="This is a description"
      name="og:description"
    />
    <meta
      content="https://www.bbc.com/news/image.png"
      name="og:image"
    />
    <meta
      content="BBC News"
      name="og:image:alt"
    />
    <meta
      content="pcm"
      name="og:locale"
    />
    <meta
      content="BBC News"
      name="og:site_name"
    />
    <meta
      content="Index title - BBC News"
      name="og:title"
    />
    <meta
      content="IDX"
      name="og:type"
    />
    <meta
      content="https://www.bbc.com/news/articles/c0000000001o"
      name="og:url"
    />
    <meta
      content="summary_large_image"
      name="twitter:card"
    />
    <meta
      content="@BBCNews"
      name="twitter:creator"
    />
    <meta
      content="This is a description"
      name="twitter:description"
    />
    <meta
      content="BBC News"
      name="twitter:image:alt"
    />
    <meta
      content="https://www.bbc.com/news/image.png"
      name="twitter:image:src"
    />
    <meta
      content="@BBCNews"
      name="twitter:site"
    />
    <meta
      content="Index title - BBC News"
      name="twitter:title"
    />
  </head>
  <body>
    <div />
  </body>
</html>
`;

exports[`Metadata WS Front Page should render correctly 1`] = `
<html
  amp=""
  dir="ltr"
  lang="pcm"
>
  <head>
    <title>
      Index title - BBC News
    </title>
    <link
      href="https://www.bbc.com/news/articles/c0000000001o"
      rel="canonical"
    />
    <link
      href="https://www.bbc.com/news/articles/c0000000001o"
      hreflang="x-default"
      rel="alternate"
    />
    <link
      href="https://www.bbc.com/news/articles/c0000000001o"
      hreflang="en"
      rel="alternate"
    />
    <link
      href="https://www.bbc.co.uk/news/articles/c0000000001o"
      hreflang="en-gb"
      rel="alternate"
    />
    <link
      href="https://www.bbc.com/news/articles/c0000000001o.amp"
      rel="amphtml"
    />
    <link
      href="https://foo.com/static/news/image.png"
      rel="apple-touch-icon"
    />
    <link
      href="https://news.files.bbci.co.uk/include/articles/public/news/images/icons/icon-72x72.png"
      rel="apple-touch-icon"
      sizes="72x72"
    />
    <link
      href="https://news.files.bbci.co.uk/include/articles/public/news/images/icons/icon-96x96.png"
      rel="apple-touch-icon"
      sizes="96x96"
    />
    <link
      href="https://news.files.bbci.co.uk/include/articles/public/news/images/icons/icon-128x128.png"
      rel="apple-touch-icon"
      sizes="128x128"
    />
    <link
      href="https://news.files.bbci.co.uk/include/articles/public/news/images/icons/icon-144x144.png"
      rel="apple-touch-icon"
      sizes="144x144"
    />
    <link
      href="https://news.files.bbci.co.uk/include/articles/public/news/images/icons/icon-152x152.png"
      rel="apple-touch-icon"
      sizes="152x152"
    />
    <link
      href="https://news.files.bbci.co.uk/include/articles/public/news/images/icons/icon-192x192.png"
      rel="apple-touch-icon"
      sizes="192x192"
    />
    <link
      href="https://news.files.bbci.co.uk/include/articles/public/news/images/icons/icon-384x384.png"
      rel="apple-touch-icon"
      sizes="384x384"
    />
    <link
      href="https://news.files.bbci.co.uk/include/articles/public/news/images/icons/icon-512x512.png"
      rel="apple-touch-icon"
      sizes="512x512"
    />
    <link
      href="https://news.files.bbci.co.uk/include/articles/public/news/images/icons/icon-72x72.png"
      rel="icon"
      sizes="72x72"
      type="image/png"
    />
    <link
      href="https://news.files.bbci.co.uk/include/articles/public/news/images/icons/icon-96x96.png"
      rel="icon"
      sizes="96x96"
      type="image/png"
    />
    <link
      href="https://news.files.bbci.co.uk/include/articles/public/news/images/icons/icon-192x192.png"
      rel="icon"
      sizes="192x192"
      type="image/png"
    />
    <link
      href="https://news.files.bbci.co.uk/include/articles/public/news/images/icons/icon-512x512.png"
      rel="apple-touch-startup-image"
    />
    <link
      href="/favicon.ico"
      rel="shortcut icon"
      type="image/x-icon"
    />
    <meta
      content="IE=edge"
      http-equiv="X-UA-Compatible"
    />
    <meta
      charset="utf-8"
    />
    <meta
      content="noodp,noydir"
      name="robots"
    />
    <meta
      content="#B80000"
      name="theme-color"
    />
    <meta
      content="width=device-width, initial-scale=1, minimum-scale=1"
      name="viewport"
    />
    <meta
      content="BBC News"
      name="apple-mobile-web-app-title"
    />
    <meta
      content="BBC News"
      name="application-name"
    />
    <meta
      content="This is a description"
      name="description"
    />
    <meta
      content="101010"
      name="fb:admins"
    />
    <meta
      content="202020"
      name="fb:app_id"
    />
    <meta
      content="yes"
      name="mobile-web-app-capable"
    />
    <meta
      content="#B80000"
      name="msapplication-TileColor"
    />
    <meta
      content="https://news.files.bbci.co.uk/include/articles/public/news/images/icons/icon-144x144.png"
      name="msapplication-TileImage"
    />
    <meta
      content="This is a description"
      name="og:description"
    />
    <meta
      content="https://www.bbc.com/news/image.png"
      name="og:image"
    />
    <meta
      content="BBC News"
      name="og:image:alt"
    />
    <meta
      content="pcm"
      name="og:locale"
    />
    <meta
      content="BBC News"
      name="og:site_name"
    />
    <meta
      content="Index title - BBC News"
      name="og:title"
    />
    <meta
      content="IDX"
      name="og:type"
    />
    <meta
      content="https://www.bbc.com/news/articles/c0000000001o"
      name="og:url"
    />
    <meta
      content="summary_large_image"
      name="twitter:card"
    />
    <meta
      content="@BBCNews"
      name="twitter:creator"
    />
    <meta
      content="This is a description"
      name="twitter:description"
    />
    <meta
      content="BBC News"
      name="twitter:image:alt"
    />
    <meta
      content="https://www.bbc.com/news/image.png"
      name="twitter:image:src"
    />
    <meta
      content="@BBCNews"
      name="twitter:site"
    />
    <meta
      content="Index title - BBC News"
      name="twitter:title"
    />
  </head>
  <body>
    <div />
  </body>
</html>
`;

exports[`Metadata articleSection is not null should render correctly 1`] = `
<html
  amp=""
  dir="ltr"
  lang="en-GB"
>
  <head>
    <title>
      An article title - BBC News
    </title>
    <link
      href="https://www.bbc.com/news/articles/c0000000001o"
      rel="canonical"
    />
    <link
      href="https://www.bbc.com/news/articles/c0000000001o"
      hreflang="x-default"
      rel="alternate"
    />
    <link
      href="https://www.bbc.com/news/articles/c0000000001o"
      hreflang="en"
      rel="alternate"
    />
    <link
      href="https://www.bbc.co.uk/news/articles/c0000000001o"
      hreflang="en-gb"
      rel="alternate"
    />
    <link
      href="https://www.bbc.com/news/articles/c0000000001o.amp"
      rel="amphtml"
    />
    <link
      href="https://foo.com/static/news/image.png"
      rel="apple-touch-icon"
    />
    <link
      href="https://news.files.bbci.co.uk/include/articles/public/news/images/icons/icon-72x72.png"
      rel="apple-touch-icon"
      sizes="72x72"
    />
    <link
      href="https://news.files.bbci.co.uk/include/articles/public/news/images/icons/icon-96x96.png"
      rel="apple-touch-icon"
      sizes="96x96"
    />
    <link
      href="https://news.files.bbci.co.uk/include/articles/public/news/images/icons/icon-128x128.png"
      rel="apple-touch-icon"
      sizes="128x128"
    />
    <link
      href="https://news.files.bbci.co.uk/include/articles/public/news/images/icons/icon-144x144.png"
      rel="apple-touch-icon"
      sizes="144x144"
    />
    <link
      href="https://news.files.bbci.co.uk/include/articles/public/news/images/icons/icon-152x152.png"
      rel="apple-touch-icon"
      sizes="152x152"
    />
    <link
      href="https://news.files.bbci.co.uk/include/articles/public/news/images/icons/icon-192x192.png"
      rel="apple-touch-icon"
      sizes="192x192"
    />
    <link
      href="https://news.files.bbci.co.uk/include/articles/public/news/images/icons/icon-384x384.png"
      rel="apple-touch-icon"
      sizes="384x384"
    />
    <link
      href="https://news.files.bbci.co.uk/include/articles/public/news/images/icons/icon-512x512.png"
      rel="apple-touch-icon"
      sizes="512x512"
    />
    <link
      href="https://news.files.bbci.co.uk/include/articles/public/news/images/icons/icon-72x72.png"
      rel="icon"
      sizes="72x72"
      type="image/png"
    />
    <link
      href="https://news.files.bbci.co.uk/include/articles/public/news/images/icons/icon-96x96.png"
      rel="icon"
      sizes="96x96"
      type="image/png"
    />
    <link
      href="https://news.files.bbci.co.uk/include/articles/public/news/images/icons/icon-192x192.png"
      rel="icon"
      sizes="192x192"
      type="image/png"
    />
    <link
      href="https://news.files.bbci.co.uk/include/articles/public/news/images/icons/icon-512x512.png"
      rel="apple-touch-startup-image"
    />
    <link
      href="/favicon.ico"
      rel="shortcut icon"
      type="image/x-icon"
    />
    <meta
      content="IE=edge"
      http-equiv="X-UA-Compatible"
    />
    <meta
      charset="utf-8"
    />
    <meta
      content="noodp,noydir"
      name="robots"
    />
    <meta
      content="#B80000"
      name="theme-color"
    />
    <meta
      content="width=device-width, initial-scale=1, minimum-scale=1"
      name="viewport"
    />
    <meta
      content="BBC News"
      name="apple-mobile-web-app-title"
    />
    <meta
      content="BBC News"
      name="application-name"
    />
    <meta
      content="This is a description"
      name="description"
    />
    <meta
      content="101010"
      name="fb:admins"
    />
    <meta
      content="202020"
      name="fb:app_id"
    />
    <meta
      content="yes"
      name="mobile-web-app-capable"
    />
    <meta
      content="#B80000"
      name="msapplication-TileColor"
    />
    <meta
      content="https://news.files.bbci.co.uk/include/articles/public/news/images/icons/icon-144x144.png"
      name="msapplication-TileImage"
    />
    <meta
      content="This is a description"
      name="og:description"
    />
    <meta
      content="https://www.bbc.com/news/image.png"
      name="og:image"
    />
    <meta
      content="BBC News"
      name="og:image:alt"
    />
    <meta
      content="en_GB"
      name="og:locale"
    />
    <meta
      content="BBC News"
      name="og:site_name"
    />
    <meta
      content="An article title - BBC News"
      name="og:title"
    />
    <meta
      content="article"
      name="og:type"
    />
    <meta
      content="https://www.bbc.com/news/articles/c0000000001o"
      name="og:url"
    />
    <meta
      content="summary_large_image"
      name="twitter:card"
    />
    <meta
      content="@BBCNews"
      name="twitter:creator"
    />
    <meta
      content="This is a description"
      name="twitter:description"
    />
    <meta
      content="BBC News"
      name="twitter:image:alt"
    />
    <meta
      content="https://www.bbc.com/news/image.png"
      name="twitter:image:src"
    />
    <meta
      content="@BBCNews"
      name="twitter:site"
    />
    <meta
      content="An article title - BBC News"
      name="twitter:title"
    />
  </head>
  <body>
    <div />
  </body>
</html>
`;
