// Jest Snapshot v1, https://goo.gl/fbAQLP

exports[`LinkedData should correctly render linked data for article pages for service with no trust project markup 1`] = `
<html>
  <head>
    <script
      type="application/ld+json"
    >
      {"@context":"http://schema.org","@type":"Article","url":"https://www.test.bbc.com/pathname","publisher":{"@type":"Organization","name":"BBC","logo":{"@type":"ImageObject","width":1024,"height":576,"url":"https://news.files.bbci.co.uk/include/articles/public/scotland/images/metadata/poster-1024x576.png"}},"image":{"@type":"ImageObject","width":1024,"height":576,"url":"https://news.files.bbci.co.uk/include/articles/public/scotland/images/metadata/poster-1024x576.png"},"thumbnailUrl":"https://news.files.bbci.co.uk/include/articles/public/scotland/images/metadata/poster-1024x576.png","mainEntityOfPage":{"@type":"WebPage","@id":"https://www.test.bbc.com/pathname","name":"Royal wedding 2018: Bouquet laid on tomb of unknown warrior"},"headline":"Article Headline for SEO","datePublished":"2018-01-01T12:01:00.000Z","dateModified":"2018-01-01T13:00:00.000Z","author":{"@type":"Organization","name":"BBC","logo":{"@type":"ImageObject","width":1024,"height":576,"url":"https://news.files.bbci.co.uk/include/articles/public/scotland/images/metadata/poster-1024x576.png"}}}
    </script>
  </head>
  <body>
    <div />
  </body>
</html>
`;

exports[`LinkedData should correctly render linked data for articles 1`] = `
<html>
  <head>
    <script
      type="application/ld+json"
    >
      {"@context":"http://schema.org","@type":"Article","url":"https://www.test.bbc.com/pathname","publisher":{"@type":"NewsMediaOrganization","name":"BBC News","publishingPrinciples":"https://www.bbc.com/news/help-41670342","logo":{"@type":"ImageObject","width":1024,"height":576,"url":"https://www.bbc.co.uk/news/special/2015/newsspec_10857/bbc_news_logo.png"}},"image":{"@type":"ImageObject","width":1024,"height":576,"url":"https://www.bbc.co.uk/news/special/2015/newsspec_10857/bbc_news_logo.png"},"thumbnailUrl":"https://www.bbc.co.uk/news/special/2015/newsspec_10857/bbc_news_logo.png","mainEntityOfPage":{"@type":"WebPage","@id":"https://www.test.bbc.com/pathname","name":"Royal wedding 2018: Bouquet laid on tomb of unknown warrior"},"headline":"Article Headline for SEO","datePublished":"2018-01-01T12:01:00.000Z","dateModified":"2018-01-01T13:00:00.000Z","author":{"@type":"NewsMediaOrganization","name":"BBC News","logo":{"@type":"ImageObject","width":1024,"height":576,"url":"https://www.bbc.co.uk/news/special/2015/newsspec_10857/bbc_news_logo.png"},"noBylinesPolicy":"https://www.bbc.com/news/help-41670342#authorexpertise"}}
    </script>
  </head>
  <body>
    <div />
  </body>
</html>
`;

exports[`LinkedData should correctly render linked data for front pages 1`] = `
<html>
  <head>
    <script
      type="application/ld+json"
    >
      {"@context":"http://schema.org","@type":"WebPage","url":"https://www.test.bbc.com/pathname","publisher":{"@type":"NewsMediaOrganization","name":"BBC News","publishingPrinciples":"https://www.bbc.com/news/help-41670342","logo":{"@type":"ImageObject","width":1024,"height":576,"url":"https://www.bbc.co.uk/news/special/2015/newsspec_10857/bbc_news_logo.png"}},"image":{"@type":"ImageObject","width":1024,"height":576,"url":"https://www.bbc.co.uk/news/special/2015/newsspec_10857/bbc_news_logo.png"},"thumbnailUrl":"https://www.bbc.co.uk/news/special/2015/newsspec_10857/bbc_news_logo.png","mainEntityOfPage":{"@type":"WebPage","@id":"https://www.test.bbc.com/pathname","name":"Home - BBC News"}}
    </script>
  </head>
  <body>
    <div />
  </body>
</html>
`;

exports[`LinkedData should correctly render linked data for radio pages 1`] = `
<html>
  <head>
    <script
      type="application/ld+json"
    >
      {"@context":"http://schema.org","@type":"RadioChannel","url":"https://www.test.bbc.com/pathname","publisher":{"@type":"NewsMediaOrganization","name":"BBC News","publishingPrinciples":"https://www.bbc.com/news/help-41670342","logo":{"@type":"ImageObject","width":1024,"height":576,"url":"https://www.bbc.co.uk/news/special/2015/newsspec_10857/bbc_news_logo.png"}},"image":{"@type":"ImageObject","width":1024,"height":576,"url":"https://www.bbc.co.uk/news/special/2015/newsspec_10857/bbc_news_logo.png"},"thumbnailUrl":"https://www.bbc.co.uk/news/special/2015/newsspec_10857/bbc_news_logo.png","mainEntityOfPage":{"@type":"WebPage","@id":"https://www.test.bbc.com/pathname","name":"BBC News Radio"}}
    </script>
  </head>
  <body>
    <div />
  </body>
</html>
`;

exports[`LinkedData showAuthor should exclude author from article when false 1`] = `
<html>
  <head>
    <script
      type="application/ld+json"
    >
      {"@context":"http://schema.org","@type":"Article","url":"https://www.test.bbc.com/pathname","publisher":{"@type":"NewsMediaOrganization","name":"BBC News","publishingPrinciples":"https://www.bbc.com/news/help-41670342","logo":{"@type":"ImageObject","width":1024,"height":576,"url":"https://www.bbc.co.uk/news/special/2015/newsspec_10857/bbc_news_logo.png"}},"image":{"@type":"ImageObject","width":1024,"height":576,"url":"https://www.bbc.co.uk/news/special/2015/newsspec_10857/bbc_news_logo.png"},"thumbnailUrl":"https://www.bbc.co.uk/news/special/2015/newsspec_10857/bbc_news_logo.png","mainEntityOfPage":{"@type":"WebPage","@id":"https://www.test.bbc.com/pathname","name":"Royal wedding 2018: Bouquet laid on tomb of unknown warrior"},"headline":"Article Headline for SEO","datePublished":"2018-01-01T12:01:00.000Z","dateModified":"2018-01-01T13:00:00.000Z"}
    </script>
  </head>
  <body>
    <div />
  </body>
</html>
`;
