// Jest Snapshot v1, https://goo.gl/fbAQLP

exports[`ErrorMain should correctly render for 404 1`] = `
.c6 {
  color: #222222;
  border-bottom: 1px solid #B80000;
  -webkit-text-decoration: none;
  text-decoration: none;
}

.c6:visited {
  color: #6E6E73;
  border-bottom: 1px solid #6E6E73;
}

.c6:focus,
.c6:hover {
  border-bottom: 2px solid #B80000;
  color: #B80000;
}

.c3 {
  font-size: 1.25rem;
  line-height: 1.5rem;
  color: #B80000;
  display: block;
  font-family: ReithSans,Helvetica,Arial,sans-serif;
  font-weight: 600;
  padding: 2.5rem 0 0.5rem 0;
}

.c4 {
  font-size: 1.75rem;
  line-height: 2rem;
  font-family: ReithSerif,Helvetica,Arial,sans-serif;
  font-weight: 500;
  font-style: normal;
  color: #3F3F42;
  margin-top: 0;
}

.c1 {
  background-color: #FDFDFD;
  padding-bottom: 4rem;
}

.c5 {
  font-size: 0.9375rem;
  line-height: 1.25rem;
  font-family: ReithSans,Helvetica,Arial,sans-serif;
  font-weight: 400;
  font-style: normal;
  color: #3F3F42;
  padding-bottom: 1.5rem;
  margin: 0;
  padding-top: 0.2rem;
}

@supports (display:grid) {
  .c0 {
    display: grid;
    position: initial;
  }
}

@media (max-width:14.9375rem) {
  .c2 {
    padding: 0 0.5rem;
    width: calc(6/6*(100% - 6 * 0.5rem) + 5 * 0.5rem - 0%);
    margin: 0 0.25rem;
    margin-left: 0%;
    display: inline-block;
    vertical-align: top;
  }
}

@media (min-width:15rem) and (max-width:24.9375rem) {
  .c2 {
    padding: 0 0.5rem;
    width: calc(6/6*(100% - 6 * 0.5rem) + 5 * 0.5rem - 0%);
    margin: 0 0.25rem;
    margin-left: 0%;
    display: inline-block;
    vertical-align: top;
  }
}

@media (min-width:25rem) and (max-width:37.4375rem) {
  .c2 {
    padding: 0 1rem;
    width: calc(6/6*(100% - 6 * 0.5rem) + 5 * 0.5rem - 0%);
    margin: 0 0.25rem;
    margin-left: 0%;
    display: inline-block;
    vertical-align: top;
  }
}

@media (min-width:37.5rem) and (max-width:62.9375rem) {
  .c2 {
    padding: 0 1rem;
    width: calc(6/6*(100% - 6 * 1rem) + 5 * 1rem - 0%);
    margin: 0 0.5rem;
    margin-left: 0%;
    display: inline-block;
    vertical-align: top;
  }
}

@media (min-width:63rem) and (max-width:80rem) {
  .c2 {
    width: calc(6/8*(100% - 8 * 1rem) + 5 * 1rem );
    margin: 0 0.5rem;
    margin-left: 12.5%;
    display: inline-block;
    vertical-align: top;
  }
}

@media (min-width:80rem) {
  .c2 {
    width: calc(12/20*(100% - 20 * 1rem) + 11 * 1rem );
    margin: 0 0.5rem;
    margin-left: 20%;
    display: inline-block;
    vertical-align: top;
  }
}

@supports (display:grid) {
  .c2 {
    display: block;
  }
}

@media (min-width:20rem) and (max-width:37.4375rem) {
  .c3 {
    font-size: 1.375rem;
    line-height: 1.625rem;
  }
}

@media (min-width:37.5rem) {
  .c3 {
    font-size: 1.75rem;
    line-height: 2rem;
  }
}

@media (min-width:20rem) and (max-width:37.4375rem) {
  .c4 {
    font-size: 2rem;
    line-height: 2.25rem;
  }
}

@media (min-width:37.5rem) {
  .c4 {
    font-size: 2.75rem;
    line-height: 3rem;
  }
}

@media (min-width:63rem) and (max-width:80rem) {
  .c1 {
    margin: 0 auto;
    max-width: 63rem;
  }
}

@media (min-width:80rem) {
  .c1 {
    margin: 0 auto;
    max-width: 80rem;
  }
}

@media (min-width:20rem) and (max-width:37.4375rem) {
  .c5 {
    font-size: 1rem;
    line-height: 1.375rem;
  }
}

@media (min-width:37.5rem) {
  .c5 {
    font-size: 1rem;
    line-height: 1.375rem;
  }
}

<html
  dir="ltr"
  lang="en-GB"
>
  <head>
    <title>
      Page cannot be found - BBC News
    </title>
    <link
      href="/favicon.ico"
      rel="shortcut icon"
      type="image/x-icon"
    />
    <meta
      content="IE=edge"
      http-equiv="X-UA-Compatible"
    />
    <meta
      charset="utf-8"
    />
    <meta
      content="noindex,nofollow"
      name="robots"
    />
    <meta
      content="#B80000"
      name="theme-color"
    />
    <meta
      content="width=device-width, initial-scale=1, minimum-scale=1"
      name="viewport"
    />
    <meta
      content="Page cannot be found"
      name="og:description"
    />
    <meta
      content="Page cannot be found - BBC News"
      name="og:title"
    />
    <meta
      content="Page cannot be found"
      name="twitter:description"
    />
    <meta
      content="Page cannot be found - BBC News"
      name="twitter:title"
    />
  </head>
  <body>
    <div>
      <main
        class="c0 c1"
        dir="ltr"
        role="main"
      >
        <div
          class="c2"
          dir="ltr"
        >
          <span
            class="c3"
          >
            404
          </span>
          <h1
            class="c4"
            id="content"
            tabindex="-1"
          >
            Page cannot be found
          </h1>
          <p
            class="c5"
          >
            Sorry, we're unable to bring you the page you're looking for. Please try:
          </p>
          <ul>
            <li
              class="c5"
            >
              Double checking the url
            </li>
            <li
              class="c5"
            >
              Hitting the refresh button in your browser
            </li>
            <li
              class="c5"
            >
              Searching for this page using the BBC search bar
            </li>
          </ul>
          <p
            class="c5"
          >
            Alternatively, please visit the 
            <a
              class="c6"
              href="https://www.bbc.com/news"
            >
              BBC News homepage.
            </a>
            
          </p>
        </div>
      </main>
    </div>
  </body>
</html>
`;

exports[`ErrorMain should correctly render for 404 for persian 1`] = `
<html
  dir="rtl"
  lang="fa"
>
  <head>
    <title>
      این صفحه پیدا نشد - BBC News فارسی
    </title>
    <link
      href="/favicon.ico"
      rel="shortcut icon"
      type="image/x-icon"
    />
    <meta
      content="IE=edge"
      http-equiv="X-UA-Compatible"
    />
    <meta
      charset="utf-8"
    />
    <meta
      content="noindex,nofollow"
      name="robots"
    />
    <meta
      content="#B80000"
      name="theme-color"
    />
    <meta
      content="width=device-width, initial-scale=1, minimum-scale=1"
      name="viewport"
    />
    <meta
      content="این صفحه پیدا نشد"
      name="og:description"
    />
    <meta
      content="این صفحه پیدا نشد - BBC News فارسی"
      name="og:title"
    />
    <meta
      content="این صفحه پیدا نشد"
      name="twitter:description"
    />
    <meta
      content="این صفحه پیدا نشد - BBC News فارسی"
      name="twitter:title"
    />
  </head>
  <body>
    .c6 {
  color: #222222;
  border-bottom: 1px solid #B80000;
  -webkit-text-decoration: none;
  text-decoration: none;
}

.c6:visited {
  color: #6E6E73;
  border-bottom: 1px solid #6E6E73;
}

.c6:focus,
.c6:hover {
  border-bottom: 2px solid #B80000;
  color: #B80000;
}

.c3 {
  font-size: 1.5rem;
  line-height: 1.875rem;
  color: #B80000;
  display: block;
  font-family: ReithSans,Helvetica,Arial,sans-serif;
  font-weight: 600;
  padding: 2.5rem 0 0.5rem 0;
}

.c4 {
  font-size: 2rem;
  line-height: 2.625rem;
  font-family: "BBC Nassim Persian",Arial,Verdana,Geneva,Helvetica,sans-serif;
  font-weight: 700;
  font-style: normal;
  color: #3F3F42;
  margin-top: 0;
}

.c1 {
  background-color: #FDFDFD;
  padding-bottom: 4rem;
}

.c5 {
  font-size: 1.125rem;
  line-height: 1.75rem;
  font-family: "BBC Nassim Persian",Arial,Verdana,Geneva,Helvetica,sans-serif;
  font-weight: 400;
  font-style: normal;
  color: #3F3F42;
  padding-bottom: 1.5rem;
  margin: 0;
  padding-top: 0.2rem;
}

@supports (display:grid) {
  .c0 {
    display: grid;
    position: initial;
  }
}

@media (max-width:14.9375rem) {
  .c2 {
    padding: 0 0.5rem;
    width: calc(6/6*(100% - 6 * 0.5rem) + 5 * 0.5rem - 0%);
    margin: 0 0.25rem;
    margin-right: 0%;
    display: inline-block;
    vertical-align: top;
  }
}

@media (min-width:15rem) and (max-width:24.9375rem) {
  .c2 {
    padding: 0 0.5rem;
    width: calc(6/6*(100% - 6 * 0.5rem) + 5 * 0.5rem - 0%);
    margin: 0 0.25rem;
    margin-right: 0%;
    display: inline-block;
    vertical-align: top;
  }
}

@media (min-width:25rem) and (max-width:37.4375rem) {
  .c2 {
    padding: 0 1rem;
    width: calc(6/6*(100% - 6 * 0.5rem) + 5 * 0.5rem - 0%);
    margin: 0 0.25rem;
    margin-right: 0%;
    display: inline-block;
    vertical-align: top;
  }
}

@media (min-width:37.5rem) and (max-width:62.9375rem) {
  .c2 {
    padding: 0 1rem;
    width: calc(6/6*(100% - 6 * 1rem) + 5 * 1rem - 0%);
    margin: 0 0.5rem;
    margin-right: 0%;
    display: inline-block;
    vertical-align: top;
  }
}

@media (min-width:63rem) and (max-width:80rem) {
  .c2 {
    width: calc(6/8*(100% - 8 * 1rem) + 5 * 1rem );
    margin: 0 0.5rem;
    margin-right: 12.5%;
    display: inline-block;
    vertical-align: top;
  }
}

@media (min-width:80rem) {
  .c2 {
    width: calc(12/20*(100% - 20 * 1rem) + 11 * 1rem );
    margin: 0 0.5rem;
    margin-right: 20%;
    display: inline-block;
    vertical-align: top;
  }
}

@supports (display:grid) {
  .c2 {
    display: block;
  }
}

@media (min-width:20rem) and (max-width:37.4375rem) {
  .c3 {
    font-size: 1.75rem;
    line-height: 2.5rem;
  }
}

@media (min-width:37.5rem) {
  .c3 {
    font-size: 2rem;
    line-height: 2.5rem;
  }
}

@media (min-width:20rem) and (max-width:37.4375rem) {
  .c4 {
    font-size: 2.375rem;
    line-height: 2.875rem;
  }
}

@media (min-width:37.5rem) {
  .c4 {
    font-size: 2.75rem;
    line-height: 3.375rem;
  }
}

@media (min-width:63rem) and (max-width:80rem) {
  .c1 {
    margin: 0 auto;
    max-width: 63rem;
  }
}

@media (min-width:80rem) {
  .c1 {
    margin: 0 auto;
    max-width: 80rem;
  }
}

@media (min-width:20rem) and (max-width:37.4375rem) {
  .c5 {
    font-size: 1.375rem;
    line-height: 2rem;
  }
}

@media (min-width:37.5rem) {
  .c5 {
    font-size: 1.375rem;
    line-height: 2rem;
  }
}

<div>
      <main
        class="c0 c1"
        dir="rtl"
        role="main"
      >
        <div
          class="c2"
          dir="rtl"
        >
          <span
            class="c3"
          >
            ۴۰۴
          </span>
          <h1
            class="c4"
            id="content"
            tabindex="-1"
          >
            این صفحه پیدا نشد
          </h1>
          <p
            class="c5"
          >
            متاسفانه صفحه مورد نظر شما را پیدا نمی‌کنیم. لطفا گزینه‌های زیر را امتحان کنید:
          </p>
          <ul>
            <li
              class="c5"
            >
              آدرس صفحه مورد نظر را دوباره بررسی کنید
            </li>
            <li
              class="c5"
            >
              با مرورگر خود صفحه را ریفرش (Refresh) کنید
            </li>
            <li
              class="c5"
            >
              در نوار جستجوی بی‌بی‌سی دنبال اطلاعات مورد نظرتان بگردید
            </li>
          </ul>
          <p
            class="c5"
          >
            برای یافتن اطلاعات مورد نظر به 
            <a
              class="c6"
              href="https://www.bbc.com/persian"
            >
              صفحه اصلی بی‌بی‌سی فارسی
            </a>
             بروید
          </p>
        </div>
      </main>
    </div>
  </body>
</html>
`;

exports[`ErrorMain should correctly render for 500 1`] = `
<html
  dir="ltr"
  lang="en-GB"
>
  <head>
    <title>
      Internal server error - BBC News
    </title>
    <link
      href="/favicon.ico"
      rel="shortcut icon"
      type="image/x-icon"
    />
    <meta
      content="IE=edge"
      http-equiv="X-UA-Compatible"
    />
    <meta
      charset="utf-8"
    />
    <meta
      content="noindex,nofollow"
      name="robots"
    />
    <meta
      content="#B80000"
      name="theme-color"
    />
    <meta
      content="width=device-width, initial-scale=1, minimum-scale=1"
      name="viewport"
    />
    <meta
      content="Internal server error"
      name="og:description"
    />
    <meta
      content="Internal server error - BBC News"
      name="og:title"
    />
    <meta
      content="Internal server error"
      name="twitter:description"
    />
    <meta
      content="Internal server error - BBC News"
      name="twitter:title"
    />
  </head>
  <body>
    .c6 {
  color: #222222;
  border-bottom: 1px solid #B80000;
  -webkit-text-decoration: none;
  text-decoration: none;
}

.c6:visited {
  color: #6E6E73;
  border-bottom: 1px solid #6E6E73;
}

.c6:focus,
.c6:hover {
  border-bottom: 2px solid #B80000;
  color: #B80000;
}

.c3 {
  font-size: 1.25rem;
  line-height: 1.5rem;
  color: #B80000;
  display: block;
  font-family: ReithSans,Helvetica,Arial,sans-serif;
  font-weight: 600;
  padding: 2.5rem 0 0.5rem 0;
}

.c4 {
  font-size: 1.75rem;
  line-height: 2rem;
  font-family: ReithSerif,Helvetica,Arial,sans-serif;
  font-weight: 500;
  font-style: normal;
  color: #3F3F42;
  margin-top: 0;
}

.c1 {
  background-color: #FDFDFD;
  padding-bottom: 4rem;
}

.c5 {
  font-size: 0.9375rem;
  line-height: 1.25rem;
  font-family: ReithSans,Helvetica,Arial,sans-serif;
  font-weight: 400;
  font-style: normal;
  color: #3F3F42;
  padding-bottom: 1.5rem;
  margin: 0;
  padding-top: 0.2rem;
}

@supports (display:grid) {
  .c0 {
    display: grid;
    position: initial;
  }
}

@media (max-width:14.9375rem) {
  .c2 {
    padding: 0 0.5rem;
    width: calc(6/6*(100% - 6 * 0.5rem) + 5 * 0.5rem - 0%);
    margin: 0 0.25rem;
    margin-left: 0%;
    display: inline-block;
    vertical-align: top;
  }
}

@media (min-width:15rem) and (max-width:24.9375rem) {
  .c2 {
    padding: 0 0.5rem;
    width: calc(6/6*(100% - 6 * 0.5rem) + 5 * 0.5rem - 0%);
    margin: 0 0.25rem;
    margin-left: 0%;
    display: inline-block;
    vertical-align: top;
  }
}

@media (min-width:25rem) and (max-width:37.4375rem) {
  .c2 {
    padding: 0 1rem;
    width: calc(6/6*(100% - 6 * 0.5rem) + 5 * 0.5rem - 0%);
    margin: 0 0.25rem;
    margin-left: 0%;
    display: inline-block;
    vertical-align: top;
  }
}

@media (min-width:37.5rem) and (max-width:62.9375rem) {
  .c2 {
    padding: 0 1rem;
    width: calc(6/6*(100% - 6 * 1rem) + 5 * 1rem - 0%);
    margin: 0 0.5rem;
    margin-left: 0%;
    display: inline-block;
    vertical-align: top;
  }
}

@media (min-width:63rem) and (max-width:80rem) {
  .c2 {
    width: calc(6/8*(100% - 8 * 1rem) + 5 * 1rem );
    margin: 0 0.5rem;
    margin-left: 12.5%;
    display: inline-block;
    vertical-align: top;
  }
}

@media (min-width:80rem) {
  .c2 {
    width: calc(12/20*(100% - 20 * 1rem) + 11 * 1rem );
    margin: 0 0.5rem;
    margin-left: 20%;
    display: inline-block;
    vertical-align: top;
  }
}

@supports (display:grid) {
  .c2 {
    display: block;
  }
}

@media (min-width:20rem) and (max-width:37.4375rem) {
  .c3 {
    font-size: 1.375rem;
    line-height: 1.625rem;
  }
}

@media (min-width:37.5rem) {
  .c3 {
    font-size: 1.75rem;
    line-height: 2rem;
  }
}

@media (min-width:20rem) and (max-width:37.4375rem) {
  .c4 {
    font-size: 2rem;
    line-height: 2.25rem;
  }
}

@media (min-width:37.5rem) {
  .c4 {
    font-size: 2.75rem;
    line-height: 3rem;
  }
}

@media (min-width:63rem) and (max-width:80rem) {
  .c1 {
    margin: 0 auto;
    max-width: 63rem;
  }
}

@media (min-width:80rem) {
  .c1 {
    margin: 0 auto;
    max-width: 80rem;
  }
}

@media (min-width:20rem) and (max-width:37.4375rem) {
  .c5 {
    font-size: 1rem;
    line-height: 1.375rem;
  }
}

@media (min-width:37.5rem) {
  .c5 {
    font-size: 1rem;
    line-height: 1.375rem;
  }
}

<div>
      <main
        class="c0 c1"
        dir="ltr"
        role="main"
      >
        <div
          class="c2"
          dir="ltr"
        >
          <span
            class="c3"
          >
            500
          </span>
          <h1
            class="c4"
            id="content"
            tabindex="-1"
          >
            Internal server error
          </h1>
          <p
            class="c5"
          >
            Sorry, we're currently unable to bring you the page you're looking for. Please try:
          </p>
          <ul>
            <li
              class="c5"
            >
              Hitting the refresh button in your browser
            </li>
            <li
              class="c5"
            >
              Coming back again later
            </li>
          </ul>
          <p
            class="c5"
          >
            Alternatively, please visit the 
            <a
              class="c6"
              href="https://www.bbc.com/news"
            >
              BBC News homepage.
            </a>
            
          </p>
        </div>
      </main>
    </div>
  </body>
</html>
`;

exports[`ErrorMain should correctly render for 500 for persian 1`] = `
<html
  dir="rtl"
  lang="fa"
>
  <head>
    <title>
      خطا در سرور داخلی - BBC News فارسی
    </title>
    <link
      href="/favicon.ico"
      rel="shortcut icon"
      type="image/x-icon"
    />
    <meta
      content="IE=edge"
      http-equiv="X-UA-Compatible"
    />
    <meta
      charset="utf-8"
    />
    <meta
      content="noindex,nofollow"
      name="robots"
    />
    <meta
      content="#B80000"
      name="theme-color"
    />
    <meta
      content="width=device-width, initial-scale=1, minimum-scale=1"
      name="viewport"
    />
    <meta
      content="خطا در سرور داخلی"
      name="og:description"
    />
    <meta
      content="خطا در سرور داخلی - BBC News فارسی"
      name="og:title"
    />
    <meta
      content="خطا در سرور داخلی"
      name="twitter:description"
    />
    <meta
      content="خطا در سرور داخلی - BBC News فارسی"
      name="twitter:title"
    />
  </head>
  <body>
    .c6 {
  color: #222222;
  border-bottom: 1px solid #B80000;
  -webkit-text-decoration: none;
  text-decoration: none;
}

.c6:visited {
  color: #6E6E73;
  border-bottom: 1px solid #6E6E73;
}

.c6:focus,
.c6:hover {
  border-bottom: 2px solid #B80000;
  color: #B80000;
}

.c3 {
  font-size: 1.5rem;
  line-height: 1.875rem;
  color: #B80000;
  display: block;
  font-family: ReithSans,Helvetica,Arial,sans-serif;
  font-weight: 600;
  padding: 2.5rem 0 0.5rem 0;
}

.c4 {
  font-size: 2rem;
  line-height: 2.625rem;
  font-family: "BBC Nassim Persian",Arial,Verdana,Geneva,Helvetica,sans-serif;
  font-weight: 700;
  font-style: normal;
  color: #3F3F42;
  margin-top: 0;
}

.c1 {
  background-color: #FDFDFD;
  padding-bottom: 4rem;
}

.c5 {
  font-size: 1.125rem;
  line-height: 1.75rem;
  font-family: "BBC Nassim Persian",Arial,Verdana,Geneva,Helvetica,sans-serif;
  font-weight: 400;
  font-style: normal;
  color: #3F3F42;
  padding-bottom: 1.5rem;
  margin: 0;
  padding-top: 0.2rem;
}

@supports (display:grid) {
  .c0 {
    display: grid;
    position: initial;
  }
}

@media (max-width:14.9375rem) {
  .c2 {
    padding: 0 0.5rem;
    width: calc(6/6*(100% - 6 * 0.5rem) + 5 * 0.5rem - 0%);
    margin: 0 0.25rem;
    margin-right: 0%;
    display: inline-block;
    vertical-align: top;
  }
}

@media (min-width:15rem) and (max-width:24.9375rem) {
  .c2 {
    padding: 0 0.5rem;
    width: calc(6/6*(100% - 6 * 0.5rem) + 5 * 0.5rem - 0%);
    margin: 0 0.25rem;
    margin-right: 0%;
    display: inline-block;
    vertical-align: top;
  }
}

@media (min-width:25rem) and (max-width:37.4375rem) {
  .c2 {
    padding: 0 1rem;
    width: calc(6/6*(100% - 6 * 0.5rem) + 5 * 0.5rem - 0%);
    margin: 0 0.25rem;
    margin-right: 0%;
    display: inline-block;
    vertical-align: top;
  }
}

@media (min-width:37.5rem) and (max-width:62.9375rem) {
  .c2 {
    padding: 0 1rem;
    width: calc(6/6*(100% - 6 * 1rem) + 5 * 1rem - 0%);
    margin: 0 0.5rem;
    margin-right: 0%;
    display: inline-block;
    vertical-align: top;
  }
}

@media (min-width:63rem) and (max-width:80rem) {
  .c2 {
    width: calc(6/8*(100% - 8 * 1rem) + 5 * 1rem );
    margin: 0 0.5rem;
    margin-right: 12.5%;
    display: inline-block;
    vertical-align: top;
  }
}

@media (min-width:80rem) {
  .c2 {
    width: calc(12/20*(100% - 20 * 1rem) + 11 * 1rem );
    margin: 0 0.5rem;
    margin-right: 20%;
    display: inline-block;
    vertical-align: top;
  }
}

@supports (display:grid) {
  .c2 {
    display: block;
  }
}

@media (min-width:20rem) and (max-width:37.4375rem) {
  .c3 {
    font-size: 1.75rem;
    line-height: 2.5rem;
  }
}

@media (min-width:37.5rem) {
  .c3 {
    font-size: 2rem;
    line-height: 2.5rem;
  }
}

@media (min-width:20rem) and (max-width:37.4375rem) {
  .c4 {
    font-size: 2.375rem;
    line-height: 2.875rem;
  }
}

@media (min-width:37.5rem) {
  .c4 {
    font-size: 2.75rem;
    line-height: 3.375rem;
  }
}

@media (min-width:63rem) and (max-width:80rem) {
  .c1 {
    margin: 0 auto;
    max-width: 63rem;
  }
}

@media (min-width:80rem) {
  .c1 {
    margin: 0 auto;
    max-width: 80rem;
  }
}

@media (min-width:20rem) and (max-width:37.4375rem) {
  .c5 {
    font-size: 1.375rem;
    line-height: 2rem;
  }
}

@media (min-width:37.5rem) {
  .c5 {
    font-size: 1.375rem;
    line-height: 2rem;
  }
}

<div>
      <main
        class="c0 c1"
        dir="rtl"
        role="main"
      >
        <div
          class="c2"
          dir="rtl"
        >
          <span
            class="c3"
          >
            ۵۰۰
          </span>
          <h1
            class="c4"
            id="content"
            tabindex="-1"
          >
            خطا در سرور داخلی
          </h1>
          <p
            class="c5"
          >
            متاسفانه صفحه مورد نظر شما در دسترس نیست. لطفا گزینه‌های زیر را امتحان کنید:
          </p>
          <ul>
            <li
              class="c5"
            >
              با مرورگر خود صفحه را ریفرش (Refresh) کنید
            </li>
            <li
              class="c5"
            >
              بعدا دوباره امتحان کنید
            </li>
          </ul>
          <p
            class="c5"
          >
            برای یافتن اطلاعات مورد نظر به 
            <a
              class="c6"
              href="https://www.bbc.com/persian"
            >
              صفحه اصلی بی‌بی‌سی فارسی
            </a>
             بروید
          </p>
        </div>
      </main>
    </div>
  </body>
</html>
`;

exports[`ErrorMain should correctly render for other status code 1`] = `
<html
  dir="ltr"
  lang="en-GB"
>
  <head>
    <title>
      Internal server error - BBC News
    </title>
    <link
      href="/favicon.ico"
      rel="shortcut icon"
      type="image/x-icon"
    />
    <meta
      content="IE=edge"
      http-equiv="X-UA-Compatible"
    />
    <meta
      charset="utf-8"
    />
    <meta
      content="noindex,nofollow"
      name="robots"
    />
    <meta
      content="#B80000"
      name="theme-color"
    />
    <meta
      content="width=device-width, initial-scale=1, minimum-scale=1"
      name="viewport"
    />
    <meta
      content="Internal server error"
      name="og:description"
    />
    <meta
      content="Internal server error - BBC News"
      name="og:title"
    />
    <meta
      content="Internal server error"
      name="twitter:description"
    />
    <meta
      content="Internal server error - BBC News"
      name="twitter:title"
    />
  </head>
  <body>
    .c6 {
  color: #222222;
  border-bottom: 1px solid #B80000;
  -webkit-text-decoration: none;
  text-decoration: none;
}

.c6:visited {
  color: #6E6E73;
  border-bottom: 1px solid #6E6E73;
}

.c6:focus,
.c6:hover {
  border-bottom: 2px solid #B80000;
  color: #B80000;
}

.c3 {
  font-size: 1.25rem;
  line-height: 1.5rem;
  color: #B80000;
  display: block;
  font-family: ReithSans,Helvetica,Arial,sans-serif;
  font-weight: 600;
  padding: 2.5rem 0 0.5rem 0;
}

.c4 {
  font-size: 1.75rem;
  line-height: 2rem;
  font-family: ReithSerif,Helvetica,Arial,sans-serif;
  font-weight: 500;
  font-style: normal;
  color: #3F3F42;
  margin-top: 0;
}

.c1 {
  background-color: #FDFDFD;
  padding-bottom: 4rem;
}

.c5 {
  font-size: 0.9375rem;
  line-height: 1.25rem;
  font-family: ReithSans,Helvetica,Arial,sans-serif;
  font-weight: 400;
  font-style: normal;
  color: #3F3F42;
  padding-bottom: 1.5rem;
  margin: 0;
  padding-top: 0.2rem;
}

@supports (display:grid) {
  .c0 {
    display: grid;
    position: initial;
  }
}

@media (max-width:14.9375rem) {
  .c2 {
    padding: 0 0.5rem;
    width: calc(6/6*(100% - 6 * 0.5rem) + 5 * 0.5rem - 0%);
    margin: 0 0.25rem;
    margin-left: 0%;
    display: inline-block;
    vertical-align: top;
  }
}

@media (min-width:15rem) and (max-width:24.9375rem) {
  .c2 {
    padding: 0 0.5rem;
    width: calc(6/6*(100% - 6 * 0.5rem) + 5 * 0.5rem - 0%);
    margin: 0 0.25rem;
    margin-left: 0%;
    display: inline-block;
    vertical-align: top;
  }
}

@media (min-width:25rem) and (max-width:37.4375rem) {
  .c2 {
    padding: 0 1rem;
    width: calc(6/6*(100% - 6 * 0.5rem) + 5 * 0.5rem - 0%);
    margin: 0 0.25rem;
    margin-left: 0%;
    display: inline-block;
    vertical-align: top;
  }
}

@media (min-width:37.5rem) and (max-width:62.9375rem) {
  .c2 {
    padding: 0 1rem;
    width: calc(6/6*(100% - 6 * 1rem) + 5 * 1rem - 0%);
    margin: 0 0.5rem;
    margin-left: 0%;
    display: inline-block;
    vertical-align: top;
  }
}

@media (min-width:63rem) and (max-width:80rem) {
  .c2 {
    width: calc(6/8*(100% - 8 * 1rem) + 5 * 1rem );
    margin: 0 0.5rem;
    margin-left: 12.5%;
    display: inline-block;
    vertical-align: top;
  }
}

@media (min-width:80rem) {
  .c2 {
    width: calc(12/20*(100% - 20 * 1rem) + 11 * 1rem );
    margin: 0 0.5rem;
    margin-left: 20%;
    display: inline-block;
    vertical-align: top;
  }
}

@supports (display:grid) {
  .c2 {
    display: block;
  }
}

@media (min-width:20rem) and (max-width:37.4375rem) {
  .c3 {
    font-size: 1.375rem;
    line-height: 1.625rem;
  }
}

@media (min-width:37.5rem) {
  .c3 {
    font-size: 1.75rem;
    line-height: 2rem;
  }
}

@media (min-width:20rem) and (max-width:37.4375rem) {
  .c4 {
    font-size: 2rem;
    line-height: 2.25rem;
  }
}

@media (min-width:37.5rem) {
  .c4 {
    font-size: 2.75rem;
    line-height: 3rem;
  }
}

@media (min-width:63rem) and (max-width:80rem) {
  .c1 {
    margin: 0 auto;
    max-width: 63rem;
  }
}

@media (min-width:80rem) {
  .c1 {
    margin: 0 auto;
    max-width: 80rem;
  }
}

@media (min-width:20rem) and (max-width:37.4375rem) {
  .c5 {
    font-size: 1rem;
    line-height: 1.375rem;
  }
}

@media (min-width:37.5rem) {
  .c5 {
    font-size: 1rem;
    line-height: 1.375rem;
  }
}

<div>
      <main
        class="c0 c1"
        dir="ltr"
        role="main"
      >
        <div
          class="c2"
          dir="ltr"
        >
          <span
            class="c3"
          >
            500
          </span>
          <h1
            class="c4"
            id="content"
            tabindex="-1"
          >
            Internal server error
          </h1>
          <p
            class="c5"
          >
            Sorry, we're currently unable to bring you the page you're looking for. Please try:
          </p>
          <ul>
            <li
              class="c5"
            >
              Hitting the refresh button in your browser
            </li>
            <li
              class="c5"
            >
              Coming back again later
            </li>
          </ul>
          <p
            class="c5"
          >
            Alternatively, please visit the 
            <a
              class="c6"
              href="https://www.bbc.com/news"
            >
              BBC News homepage.
            </a>
            
          </p>
        </div>
      </main>
    </div>
  </body>
</html>
`;
