// Jest Snapshot v1, https://goo.gl/fbAQLP

exports[`Metadata should render Metadata correctly when aresMedia has a metadata block 1`] = `
<html>
  <head>
    <script
      type="application/ld+json"
    >
      {"@context":"http://schema.org","@type":"VideoObject","name":"Five things ants can teach us about management","duration":null,"thumbnailUrl":"https://ichef.test.bbci.co.uk/images/ic/1024x576/p01k6mtv.jpg","uploadDate":"1970-01-01T00:00:00.000Z","embedURL":"https://www.test.bbc.com/ws/av-embeds/articles/c3wmq4d1y3wo/p01k6mtv/en-GB"}
    </script>
  </head>
  <body>
    <div />
  </body>
</html>
`;

exports[`Metadata should render Metadata correctly when aresMedia has no metadata block  1`] = `<div />`;
