// Jest Snapshot v1, https://goo.gl/fbAQLP

exports[`regex utils snapshots should create expected regex from getArticleManifestRegex 1`] = `"/:service(news|persian|igbo)/:local(articles|erthyglau|sgeulachdan)/manifest.json"`;

exports[`regex utils snapshots should create expected regex from getArticleRegex 1`] = `"/:service(news|persian|igbo)/:local(articles|erthyglau|sgeulachdan)/:id(c[a-zA-Z0-9]{10}o):variant(/simp|/trad|/cyr|/lat)?:amp(.amp)?"`;

exports[`regex utils snapshots should create expected regex from getArticleSwRegex 1`] = `"/:service(news|persian|igbo)/:local(articles|erthyglau|sgeulachdan)/sw.js"`;

exports[`regex utils snapshots should create expected regex from getCpsAssetRegex 1`] = `"/:service(news|persian|igbo)/:assetUri([a-z-_]{0,}[0-9]{8,}):variant(/simp|/trad|/cyr|/lat)?:amp(.amp)?"`;

exports[`regex utils snapshots should create expected regex from getErrorPageRegex 1`] = `"/:service(news|persian|igbo)/:errorCode(404|500):variant(/simp|/trad|/cyr|/lat)?"`;

exports[`regex utils snapshots should create expected regex from getFrontPageRegex 1`] = `"/:service(news|persian|igbo):variant(/simp|/trad|/cyr|/lat)?:amp(.amp)?"`;

exports[`regex utils snapshots should create expected regex from getManifestRegex 1`] = `"/:service(news|persian|igbo)/manifest.json"`;

exports[`regex utils snapshots should create expected regex from getRadioAndTVRegex 1`] = `"/:service(news|persian|igbo)/:serviceId(bbc_[a-z]+_radio|bbc_[a-z]+_tv)/:mediaId([a-z0-9]+):amp(.amp)?"`;

exports[`regex utils snapshots should create expected regex from getSwRegex 1`] = `"/:service(news|persian|igbo)/sw.js"`;
