// Jest Snapshot v1, https://goo.gl/fbAQLP

exports[`ArticleContainer Component Composing the Article Container using the page handlers should compose articleContainer with the Page Handler in the correct order 1`] = `
<div
  id="VariantContainer"
>
  <div
    id="PageWrapperContainer"
  >
    <div
      id="LoadingContainer"
    >
      <div
        id="ErrorContainer"
      >
        <div
          id="DataContainer"
        >
          <div>
            ArticleMain
          </div>
        </div>
      </div>
    </div>
  </div>
</div>
`;
