// Jest Snapshot v1, https://goo.gl/fbAQLP

exports[`should match for AMP News & UK origin 1`] = `
<html
  amp=""
  dir="ltr"
  lang="en-gb"
>
  <head>
    <title>
      Article Headline for SEO - BBC News
    </title>
    <link
      href="https://www.bbc.com/news/articles/c0000000001o"
      rel="canonical"
    />
    <link
      href="https://www.bbc.com/news/articles/c0000000001o.amp"
      hreflang="x-default"
      rel="alternate"
    />
    <link
      href="https://www.bbc.com/news/articles/c0000000001o.amp"
      hreflang="en"
      rel="alternate"
    />
    <link
      href="https://www.bbc.co.uk/news/articles/c0000000001o.amp"
      hreflang="en-gb"
      rel="alternate"
    />
    <link
      href="http://localhost:7080/news/images/icons/icon-192x192.png"
      rel="apple-touch-icon"
    />
    <link
      href="https://news.files.bbci.co.uk/include/articles/public/news/images/icons/icon-72x72.png"
      rel="apple-touch-icon"
      sizes="72x72"
    />
    <link
      href="https://news.files.bbci.co.uk/include/articles/public/news/images/icons/icon-96x96.png"
      rel="apple-touch-icon"
      sizes="96x96"
    />
    <link
      href="https://news.files.bbci.co.uk/include/articles/public/news/images/icons/icon-128x128.png"
      rel="apple-touch-icon"
      sizes="128x128"
    />
    <link
      href="https://news.files.bbci.co.uk/include/articles/public/news/images/icons/icon-144x144.png"
      rel="apple-touch-icon"
      sizes="144x144"
    />
    <link
      href="https://news.files.bbci.co.uk/include/articles/public/news/images/icons/icon-152x152.png"
      rel="apple-touch-icon"
      sizes="152x152"
    />
    <link
      href="https://news.files.bbci.co.uk/include/articles/public/news/images/icons/icon-192x192.png"
      rel="apple-touch-icon"
      sizes="192x192"
    />
    <link
      href="https://news.files.bbci.co.uk/include/articles/public/news/images/icons/icon-384x384.png"
      rel="apple-touch-icon"
      sizes="384x384"
    />
    <link
      href="https://news.files.bbci.co.uk/include/articles/public/news/images/icons/icon-512x512.png"
      rel="apple-touch-icon"
      sizes="512x512"
    />
    <link
      href="https://news.files.bbci.co.uk/include/articles/public/news/images/icons/icon-72x72.png"
      rel="icon"
      sizes="72x72"
      type="image/png"
    />
    <link
      href="https://news.files.bbci.co.uk/include/articles/public/news/images/icons/icon-96x96.png"
      rel="icon"
      sizes="96x96"
      type="image/png"
    />
    <link
      href="https://news.files.bbci.co.uk/include/articles/public/news/images/icons/icon-192x192.png"
      rel="icon"
      sizes="192x192"
      type="image/png"
    />
    <link
      href="https://news.files.bbci.co.uk/include/articles/public/news/images/icons/icon-512x512.png"
      rel="apple-touch-startup-image"
    />
    <link
      href="/favicon.ico"
      rel="shortcut icon"
      type="image/x-icon"
    />
    <meta
      content="IE=edge"
      http-equiv="X-UA-Compatible"
    />
    <meta
      charset="utf-8"
    />
    <meta
      content="noodp,noydir"
      name="robots"
    />
    <meta
      content="#B80000"
      name="theme-color"
    />
    <meta
      content="width=device-width, initial-scale=1, minimum-scale=1"
      name="viewport"
    />
    <meta
      content="BBC News"
      name="apple-mobile-web-app-title"
    />
    <meta
      content="BBC News"
      name="application-name"
    />
    <meta
      content="Article summary."
      name="description"
    />
    <meta
      content="100004154058350"
      name="fb:admins"
    />
    <meta
      content="1609039196070050"
      name="fb:app_id"
    />
    <meta
      content="yes"
      name="mobile-web-app-capable"
    />
    <meta
      content="#B80000"
      name="msapplication-TileColor"
    />
    <meta
      content="https://news.files.bbci.co.uk/include/articles/public/news/images/icons/icon-144x144.png"
      name="msapplication-TileImage"
    />
    <meta
      content="Article summary."
      name="og:description"
    />
    <meta
      content="https://www.bbc.co.uk/news/special/2015/newsspec_10857/bbc_news_logo.png"
      name="og:image"
    />
    <meta
      content="BBC News"
      name="og:image:alt"
    />
    <meta
      content="en_GB"
      name="og:locale"
    />
    <meta
      content="BBC News"
      name="og:site_name"
    />
    <meta
      content="Article Headline for SEO - BBC News"
      name="og:title"
    />
    <meta
      content="article"
      name="og:type"
    />
    <meta
      content="https://www.bbc.com/news/articles/c0000000001o"
      name="og:url"
    />
    <meta
      content="summary_large_image"
      name="twitter:card"
    />
    <meta
      content="@BBCNews"
      name="twitter:creator"
    />
    <meta
      content="Article summary."
      name="twitter:description"
    />
    <meta
      content="BBC News"
      name="twitter:image:alt"
    />
    <meta
      content="https://www.bbc.co.uk/news/special/2015/newsspec_10857/bbc_news_logo.png"
      name="twitter:image:src"
    />
    <meta
      content="@BBCNews"
      name="twitter:site"
    />
    <meta
      content="Article Headline for SEO - BBC News"
      name="twitter:title"
    />
  </head>
  <body>
    <div />
  </body>
</html>
`;

exports[`should match for Canonical News & international origin 1`] = `
<html
  dir="ltr"
  lang="en-gb"
>
  <head>
    <title>
      Article Headline for SEO - BBC News
    </title>
    <link
      href="https://www.bbc.com/news/articles/c0000000001o"
      rel="canonical"
    />
    <link
      href="https://www.bbc.com/news/articles/c0000000001o"
      hreflang="x-default"
      rel="alternate"
    />
    <link
      href="https://www.bbc.com/news/articles/c0000000001o"
      hreflang="en"
      rel="alternate"
    />
    <link
      href="https://www.bbc.co.uk/news/articles/c0000000001o"
      hreflang="en-gb"
      rel="alternate"
    />
    <link
      href="https://www.bbc.com/news/articles/c0000000001o.amp"
      rel="amphtml"
    />
    <link
      href="http://localhost:7080/news/images/icons/icon-192x192.png"
      rel="apple-touch-icon"
    />
    <link
      href="https://news.files.bbci.co.uk/include/articles/public/news/images/icons/icon-72x72.png"
      rel="apple-touch-icon"
      sizes="72x72"
    />
    <link
      href="https://news.files.bbci.co.uk/include/articles/public/news/images/icons/icon-96x96.png"
      rel="apple-touch-icon"
      sizes="96x96"
    />
    <link
      href="https://news.files.bbci.co.uk/include/articles/public/news/images/icons/icon-128x128.png"
      rel="apple-touch-icon"
      sizes="128x128"
    />
    <link
      href="https://news.files.bbci.co.uk/include/articles/public/news/images/icons/icon-144x144.png"
      rel="apple-touch-icon"
      sizes="144x144"
    />
    <link
      href="https://news.files.bbci.co.uk/include/articles/public/news/images/icons/icon-152x152.png"
      rel="apple-touch-icon"
      sizes="152x152"
    />
    <link
      href="https://news.files.bbci.co.uk/include/articles/public/news/images/icons/icon-192x192.png"
      rel="apple-touch-icon"
      sizes="192x192"
    />
    <link
      href="https://news.files.bbci.co.uk/include/articles/public/news/images/icons/icon-384x384.png"
      rel="apple-touch-icon"
      sizes="384x384"
    />
    <link
      href="https://news.files.bbci.co.uk/include/articles/public/news/images/icons/icon-512x512.png"
      rel="apple-touch-icon"
      sizes="512x512"
    />
    <link
      href="https://news.files.bbci.co.uk/include/articles/public/news/images/icons/icon-72x72.png"
      rel="icon"
      sizes="72x72"
      type="image/png"
    />
    <link
      href="https://news.files.bbci.co.uk/include/articles/public/news/images/icons/icon-96x96.png"
      rel="icon"
      sizes="96x96"
      type="image/png"
    />
    <link
      href="https://news.files.bbci.co.uk/include/articles/public/news/images/icons/icon-192x192.png"
      rel="icon"
      sizes="192x192"
      type="image/png"
    />
    <link
      href="https://news.files.bbci.co.uk/include/articles/public/news/images/icons/icon-512x512.png"
      rel="apple-touch-startup-image"
    />
    <link
      href="/favicon.ico"
      rel="shortcut icon"
      type="image/x-icon"
    />
    <meta
      content="IE=edge"
      http-equiv="X-UA-Compatible"
    />
    <meta
      charset="utf-8"
    />
    <meta
      content="noodp,noydir"
      name="robots"
    />
    <meta
      content="#B80000"
      name="theme-color"
    />
    <meta
      content="width=device-width, initial-scale=1, minimum-scale=1"
      name="viewport"
    />
    <meta
      content="BBC News"
      name="apple-mobile-web-app-title"
    />
    <meta
      content="BBC News"
      name="application-name"
    />
    <meta
      content="Article summary."
      name="description"
    />
    <meta
      content="100004154058350"
      name="fb:admins"
    />
    <meta
      content="1609039196070050"
      name="fb:app_id"
    />
    <meta
      content="yes"
      name="mobile-web-app-capable"
    />
    <meta
      content="#B80000"
      name="msapplication-TileColor"
    />
    <meta
      content="https://news.files.bbci.co.uk/include/articles/public/news/images/icons/icon-144x144.png"
      name="msapplication-TileImage"
    />
    <meta
      content="Article summary."
      name="og:description"
    />
    <meta
      content="https://www.bbc.co.uk/news/special/2015/newsspec_10857/bbc_news_logo.png"
      name="og:image"
    />
    <meta
      content="BBC News"
      name="og:image:alt"
    />
    <meta
      content="en_GB"
      name="og:locale"
    />
    <meta
      content="BBC News"
      name="og:site_name"
    />
    <meta
      content="Article Headline for SEO - BBC News"
      name="og:title"
    />
    <meta
      content="article"
      name="og:type"
    />
    <meta
      content="https://www.bbc.com/news/articles/c0000000001o"
      name="og:url"
    />
    <meta
      content="summary_large_image"
      name="twitter:card"
    />
    <meta
      content="@BBCNews"
      name="twitter:creator"
    />
    <meta
      content="Article summary."
      name="twitter:description"
    />
    <meta
      content="BBC News"
      name="twitter:image:alt"
    />
    <meta
      content="https://www.bbc.co.uk/news/special/2015/newsspec_10857/bbc_news_logo.png"
      name="twitter:image:src"
    />
    <meta
      content="@BBCNews"
      name="twitter:site"
    />
    <meta
      content="Article Headline for SEO - BBC News"
      name="twitter:title"
    />
  </head>
  <body>
    <div />
  </body>
</html>
`;

exports[`should match for Persian News & UK origin 1`] = `
<html
  amp=""
  dir="rtl"
  lang="fa"
>
  <head>
    <title>
      سرصفحه مقاله - BBC News فارسی
    </title>
    <link
      href="https://www.bbc.com/persian/articles/c4vlle3q337o"
      rel="canonical"
    />
    <link
      href="http://localhost:7080/persian/images/icons/icon-192x192.png"
      rel="apple-touch-icon"
    />
    <link
      href="https://news.files.bbci.co.uk/include/articles/public/persian/images/icons/icon-72x72.png"
      rel="apple-touch-icon"
      sizes="72x72"
    />
    <link
      href="https://news.files.bbci.co.uk/include/articles/public/persian/images/icons/icon-96x96.png"
      rel="apple-touch-icon"
      sizes="96x96"
    />
    <link
      href="https://news.files.bbci.co.uk/include/articles/public/persian/images/icons/icon-128x128.png"
      rel="apple-touch-icon"
      sizes="128x128"
    />
    <link
      href="https://news.files.bbci.co.uk/include/articles/public/persian/images/icons/icon-144x144.png"
      rel="apple-touch-icon"
      sizes="144x144"
    />
    <link
      href="https://news.files.bbci.co.uk/include/articles/public/persian/images/icons/icon-152x152.png"
      rel="apple-touch-icon"
      sizes="152x152"
    />
    <link
      href="https://news.files.bbci.co.uk/include/articles/public/persian/images/icons/icon-192x192.png"
      rel="apple-touch-icon"
      sizes="192x192"
    />
    <link
      href="https://news.files.bbci.co.uk/include/articles/public/persian/images/icons/icon-384x384.png"
      rel="apple-touch-icon"
      sizes="384x384"
    />
    <link
      href="https://news.files.bbci.co.uk/include/articles/public/persian/images/icons/icon-512x512.png"
      rel="apple-touch-icon"
      sizes="512x512"
    />
    <link
      href="https://news.files.bbci.co.uk/include/articles/public/persian/images/icons/icon-72x72.png"
      rel="icon"
      sizes="72x72"
      type="image/png"
    />
    <link
      href="https://news.files.bbci.co.uk/include/articles/public/persian/images/icons/icon-96x96.png"
      rel="icon"
      sizes="96x96"
      type="image/png"
    />
    <link
      href="https://news.files.bbci.co.uk/include/articles/public/persian/images/icons/icon-192x192.png"
      rel="icon"
      sizes="192x192"
      type="image/png"
    />
    <link
      href="https://news.files.bbci.co.uk/include/articles/public/persian/images/icons/icon-512x512.png"
      rel="apple-touch-startup-image"
    />
    <link
      href="/favicon.ico"
      rel="shortcut icon"
      type="image/x-icon"
    />
    <meta
      content="IE=edge"
      http-equiv="X-UA-Compatible"
    />
    <meta
      charset="utf-8"
    />
    <meta
      content="noodp,noydir"
      name="robots"
    />
    <meta
      content="#B80000"
      name="theme-color"
    />
    <meta
      content="width=device-width, initial-scale=1, minimum-scale=1"
      name="viewport"
    />
    <meta
      content="BBC News فارسی"
      name="apple-mobile-web-app-title"
    />
    <meta
      content="BBC News فارسی"
      name="application-name"
    />
    <meta
      content="خلاصه مقاله"
      name="description"
    />
    <meta
      content="100004154058350"
      name="fb:admins"
    />
    <meta
      content="1609039196070050"
      name="fb:app_id"
    />
    <meta
      content="yes"
      name="mobile-web-app-capable"
    />
    <meta
      content="#B80000"
      name="msapplication-TileColor"
    />
    <meta
      content="https://news.files.bbci.co.uk/include/articles/public/persian/images/icons/icon-144x144.png"
      name="msapplication-TileImage"
    />
    <meta
      content="خلاصه مقاله"
      name="og:description"
    />
    <meta
      content="https://news.files.bbci.co.uk/ws/img/logos/og/persian.png"
      name="og:image"
    />
    <meta
      content="BBC News فارسی"
      name="og:image:alt"
    />
    <meta
      content="fa"
      name="og:locale"
    />
    <meta
      content="BBC News فارسی"
      name="og:site_name"
    />
    <meta
      content="سرصفحه مقاله - BBC News فارسی"
      name="og:title"
    />
    <meta
      content="article"
      name="og:type"
    />
    <meta
      content="https://www.bbc.com/persian/articles/c4vlle3q337o"
      name="og:url"
    />
    <meta
      content="summary_large_image"
      name="twitter:card"
    />
    <meta
      content="@bbcpersian"
      name="twitter:creator"
    />
    <meta
      content="خلاصه مقاله"
      name="twitter:description"
    />
    <meta
      content="BBC News فارسی"
      name="twitter:image:alt"
    />
    <meta
      content="https://news.files.bbci.co.uk/ws/img/logos/og/persian.png"
      name="twitter:image:src"
    />
    <meta
      content="@bbcpersian"
      name="twitter:site"
    />
    <meta
      content="سرصفحه مقاله - BBC News فارسی"
      name="twitter:title"
    />
  </head>
  <body>
    <div />
  </body>
</html>
`;

exports[`should match for Persian News & international origin 1`] = `
<html
  amp=""
  dir="rtl"
  lang="fa"
>
  <head>
    <title>
      سرصفحه مقاله - BBC News فارسی
    </title>
    <link
      href="https://www.bbc.com/persian/articles/c4vlle3q337o"
      rel="canonical"
    />
    <link
      href="https://www.bbc.com/persian/articles/c4vlle3q337o.amp"
      rel="amphtml"
    />
    <link
      href="http://localhost:7080/persian/images/icons/icon-192x192.png"
      rel="apple-touch-icon"
    />
    <link
      href="https://news.files.bbci.co.uk/include/articles/public/persian/images/icons/icon-72x72.png"
      rel="apple-touch-icon"
      sizes="72x72"
    />
    <link
      href="https://news.files.bbci.co.uk/include/articles/public/persian/images/icons/icon-96x96.png"
      rel="apple-touch-icon"
      sizes="96x96"
    />
    <link
      href="https://news.files.bbci.co.uk/include/articles/public/persian/images/icons/icon-128x128.png"
      rel="apple-touch-icon"
      sizes="128x128"
    />
    <link
      href="https://news.files.bbci.co.uk/include/articles/public/persian/images/icons/icon-144x144.png"
      rel="apple-touch-icon"
      sizes="144x144"
    />
    <link
      href="https://news.files.bbci.co.uk/include/articles/public/persian/images/icons/icon-152x152.png"
      rel="apple-touch-icon"
      sizes="152x152"
    />
    <link
      href="https://news.files.bbci.co.uk/include/articles/public/persian/images/icons/icon-192x192.png"
      rel="apple-touch-icon"
      sizes="192x192"
    />
    <link
      href="https://news.files.bbci.co.uk/include/articles/public/persian/images/icons/icon-384x384.png"
      rel="apple-touch-icon"
      sizes="384x384"
    />
    <link
      href="https://news.files.bbci.co.uk/include/articles/public/persian/images/icons/icon-512x512.png"
      rel="apple-touch-icon"
      sizes="512x512"
    />
    <link
      href="https://news.files.bbci.co.uk/include/articles/public/persian/images/icons/icon-72x72.png"
      rel="icon"
      sizes="72x72"
      type="image/png"
    />
    <link
      href="https://news.files.bbci.co.uk/include/articles/public/persian/images/icons/icon-96x96.png"
      rel="icon"
      sizes="96x96"
      type="image/png"
    />
    <link
      href="https://news.files.bbci.co.uk/include/articles/public/persian/images/icons/icon-192x192.png"
      rel="icon"
      sizes="192x192"
      type="image/png"
    />
    <link
      href="https://news.files.bbci.co.uk/include/articles/public/persian/images/icons/icon-512x512.png"
      rel="apple-touch-startup-image"
    />
    <link
      href="/favicon.ico"
      rel="shortcut icon"
      type="image/x-icon"
    />
    <meta
      content="IE=edge"
      http-equiv="X-UA-Compatible"
    />
    <meta
      charset="utf-8"
    />
    <meta
      content="noodp,noydir"
      name="robots"
    />
    <meta
      content="#B80000"
      name="theme-color"
    />
    <meta
      content="width=device-width, initial-scale=1, minimum-scale=1"
      name="viewport"
    />
    <meta
      content="BBC News فارسی"
      name="apple-mobile-web-app-title"
    />
    <meta
      content="BBC News فارسی"
      name="application-name"
    />
    <meta
      content="خلاصه مقاله"
      name="description"
    />
    <meta
      content="100004154058350"
      name="fb:admins"
    />
    <meta
      content="1609039196070050"
      name="fb:app_id"
    />
    <meta
      content="yes"
      name="mobile-web-app-capable"
    />
    <meta
      content="#B80000"
      name="msapplication-TileColor"
    />
    <meta
      content="https://news.files.bbci.co.uk/include/articles/public/persian/images/icons/icon-144x144.png"
      name="msapplication-TileImage"
    />
    <meta
      content="خلاصه مقاله"
      name="og:description"
    />
    <meta
      content="https://news.files.bbci.co.uk/ws/img/logos/og/persian.png"
      name="og:image"
    />
    <meta
      content="BBC News فارسی"
      name="og:image:alt"
    />
    <meta
      content="fa"
      name="og:locale"
    />
    <meta
      content="BBC News فارسی"
      name="og:site_name"
    />
    <meta
      content="سرصفحه مقاله - BBC News فارسی"
      name="og:title"
    />
    <meta
      content="article"
      name="og:type"
    />
    <meta
      content="https://www.bbc.com/persian/articles/c4vlle3q337o"
      name="og:url"
    />
    <meta
      content="summary_large_image"
      name="twitter:card"
    />
    <meta
      content="@bbcpersian"
      name="twitter:creator"
    />
    <meta
      content="خلاصه مقاله"
      name="twitter:description"
    />
    <meta
      content="BBC News فارسی"
      name="twitter:image:alt"
    />
    <meta
      content="https://news.files.bbci.co.uk/ws/img/logos/og/persian.png"
      name="twitter:image:src"
    />
    <meta
      content="@bbcpersian"
      name="twitter:site"
    />
    <meta
      content="سرصفحه مقاله - BBC News فارسی"
      name="twitter:title"
    />
  </head>
  <body>
    <div />
  </body>
</html>
`;

exports[`should match for WS Frontpages 1`] = `
<html
  amp=""
  dir="ltr"
  lang="ig"
>
  <head>
    <title>
      Ogbako - BBC News Ìgbò
    </title>
    <link
      href="https://www.bbc.com/igbo"
      rel="canonical"
    />
    <link
      href="https://www.bbc.com/igbo"
      hreflang="ig"
      rel="alternate"
    />
    <link
      href="https://www.bbc.com/igbo.amp"
      rel="amphtml"
    />
    <link
      href="http://localhost:7080/igbo/images/icons/icon-192x192.png"
      rel="apple-touch-icon"
    />
    <link
      href="https://news.files.bbci.co.uk/include/articles/public/igbo/images/icons/icon-72x72.png"
      rel="apple-touch-icon"
      sizes="72x72"
    />
    <link
      href="https://news.files.bbci.co.uk/include/articles/public/igbo/images/icons/icon-96x96.png"
      rel="apple-touch-icon"
      sizes="96x96"
    />
    <link
      href="https://news.files.bbci.co.uk/include/articles/public/igbo/images/icons/icon-128x128.png"
      rel="apple-touch-icon"
      sizes="128x128"
    />
    <link
      href="https://news.files.bbci.co.uk/include/articles/public/igbo/images/icons/icon-144x144.png"
      rel="apple-touch-icon"
      sizes="144x144"
    />
    <link
      href="https://news.files.bbci.co.uk/include/articles/public/igbo/images/icons/icon-152x152.png"
      rel="apple-touch-icon"
      sizes="152x152"
    />
    <link
      href="https://news.files.bbci.co.uk/include/articles/public/igbo/images/icons/icon-192x192.png"
      rel="apple-touch-icon"
      sizes="192x192"
    />
    <link
      href="https://news.files.bbci.co.uk/include/articles/public/igbo/images/icons/icon-384x384.png"
      rel="apple-touch-icon"
      sizes="384x384"
    />
    <link
      href="https://news.files.bbci.co.uk/include/articles/public/igbo/images/icons/icon-512x512.png"
      rel="apple-touch-icon"
      sizes="512x512"
    />
    <link
      href="https://news.files.bbci.co.uk/include/articles/public/igbo/images/icons/icon-72x72.png"
      rel="icon"
      sizes="72x72"
      type="image/png"
    />
    <link
      href="https://news.files.bbci.co.uk/include/articles/public/igbo/images/icons/icon-96x96.png"
      rel="icon"
      sizes="96x96"
      type="image/png"
    />
    <link
      href="https://news.files.bbci.co.uk/include/articles/public/igbo/images/icons/icon-192x192.png"
      rel="icon"
      sizes="192x192"
      type="image/png"
    />
    <link
      href="https://news.files.bbci.co.uk/include/articles/public/igbo/images/icons/icon-512x512.png"
      rel="apple-touch-startup-image"
    />
    <link
      href="/favicon.ico"
      rel="shortcut icon"
      type="image/x-icon"
    />
    <meta
      content="IE=edge"
      http-equiv="X-UA-Compatible"
    />
    <meta
      charset="utf-8"
    />
    <meta
      content="noodp,noydir"
      name="robots"
    />
    <meta
      content="#B80000"
      name="theme-color"
    />
    <meta
      content="width=device-width, initial-scale=1, minimum-scale=1"
      name="viewport"
    />
    <meta
      content="BBC News Ìgbò"
      name="apple-mobile-web-app-title"
    />
    <meta
      content="BBC News Ìgbò"
      name="application-name"
    />
    <meta
      content="BBC News Igbo na-agbasa akụkọ sị Naịjirịa, Afịrịka na mba ụwa niile... Ihe na-eme ugbua gbasara akụkọ, egwuregwu, ihe nkiri na ihe na-ewu ewu... BBC Nkeji."
      name="description"
    />
    <meta
      content="100004154058350"
      name="fb:admins"
    />
    <meta
      content="1609039196070050"
      name="fb:app_id"
    />
    <meta
      content="yes"
      name="mobile-web-app-capable"
    />
    <meta
      content="#B80000"
      name="msapplication-TileColor"
    />
    <meta
      content="https://news.files.bbci.co.uk/include/articles/public/igbo/images/icons/icon-144x144.png"
      name="msapplication-TileImage"
    />
    <meta
      content="BBC News Igbo na-agbasa akụkọ sị Naịjirịa, Afịrịka na mba ụwa niile... Ihe na-eme ugbua gbasara akụkọ, egwuregwu, ihe nkiri na ihe na-ewu ewu... BBC Nkeji."
      name="og:description"
    />
    <meta
      content="https://news.files.bbci.co.uk/ws/img/logos/og/igbo.png"
      name="og:image"
    />
    <meta
      content="BBC News Ìgbò"
      name="og:image:alt"
    />
    <meta
      content="ig"
      name="og:locale"
    />
    <meta
      content="BBC News Ìgbò"
      name="og:site_name"
    />
    <meta
      content="Ogbako - BBC News Ìgbò"
      name="og:title"
    />
    <meta
      content="website"
      name="og:type"
    />
    <meta
      content="https://www.bbc.com/igbo"
      name="og:url"
    />
    <meta
      content="summary_large_image"
      name="twitter:card"
    />
    <meta
      content="@BBCNews"
      name="twitter:creator"
    />
    <meta
      content="BBC News Igbo na-agbasa akụkọ sị Naịjirịa, Afịrịka na mba ụwa niile... Ihe na-eme ugbua gbasara akụkọ, egwuregwu, ihe nkiri na ihe na-ewu ewu... BBC Nkeji."
      name="twitter:description"
    />
    <meta
      content="BBC News Ìgbò"
      name="twitter:image:alt"
    />
    <meta
      content="https://news.files.bbci.co.uk/ws/img/logos/og/igbo.png"
      name="twitter:image:src"
    />
    <meta
      content="@BBCNews"
      name="twitter:site"
    />
    <meta
      content="Ogbako - BBC News Ìgbò"
      name="twitter:title"
    />
  </head>
  <body>
    <div />
  </body>
</html>
`;

exports[`should match for WS Media liveradio 1`] = `
<html
  amp=""
  dir="ltr"
  lang="ko"
>
  <head>
    <title>
      BBC 코리아 라디오 - BBC News 코리아
    </title>
    <link
      href="https://www.bbc.com/korean/bbc_korean_radio/liveradio"
      rel="canonical"
    />
    <link
      href="https://www.bbc.com/korean/bbc_korean_radio/liveradio.amp"
      rel="amphtml"
    />
    <link
      href="http://localhost:7080/korean/images/icons/icon-192x192.png"
      rel="apple-touch-icon"
    />
    <link
      href="https://news.files.bbci.co.uk/include/articles/public/korean/images/icons/icon-72x72.png"
      rel="apple-touch-icon"
      sizes="72x72"
    />
    <link
      href="https://news.files.bbci.co.uk/include/articles/public/korean/images/icons/icon-96x96.png"
      rel="apple-touch-icon"
      sizes="96x96"
    />
    <link
      href="https://news.files.bbci.co.uk/include/articles/public/korean/images/icons/icon-128x128.png"
      rel="apple-touch-icon"
      sizes="128x128"
    />
    <link
      href="https://news.files.bbci.co.uk/include/articles/public/korean/images/icons/icon-144x144.png"
      rel="apple-touch-icon"
      sizes="144x144"
    />
    <link
      href="https://news.files.bbci.co.uk/include/articles/public/korean/images/icons/icon-152x152.png"
      rel="apple-touch-icon"
      sizes="152x152"
    />
    <link
      href="https://news.files.bbci.co.uk/include/articles/public/korean/images/icons/icon-192x192.png"
      rel="apple-touch-icon"
      sizes="192x192"
    />
    <link
      href="https://news.files.bbci.co.uk/include/articles/public/korean/images/icons/icon-384x384.png"
      rel="apple-touch-icon"
      sizes="384x384"
    />
    <link
      href="https://news.files.bbci.co.uk/include/articles/public/korean/images/icons/icon-512x512.png"
      rel="apple-touch-icon"
      sizes="512x512"
    />
    <link
      href="https://news.files.bbci.co.uk/include/articles/public/korean/images/icons/icon-72x72.png"
      rel="icon"
      sizes="72x72"
      type="image/png"
    />
    <link
      href="https://news.files.bbci.co.uk/include/articles/public/korean/images/icons/icon-96x96.png"
      rel="icon"
      sizes="96x96"
      type="image/png"
    />
    <link
      href="https://news.files.bbci.co.uk/include/articles/public/korean/images/icons/icon-192x192.png"
      rel="icon"
      sizes="192x192"
      type="image/png"
    />
    <link
      href="https://news.files.bbci.co.uk/include/articles/public/korean/images/icons/icon-512x512.png"
      rel="apple-touch-startup-image"
    />
    <link
      href="/favicon.ico"
      rel="shortcut icon"
      type="image/x-icon"
    />
    <meta
      content="IE=edge"
      http-equiv="X-UA-Compatible"
    />
    <meta
      charset="utf-8"
    />
    <meta
      content="noodp,noydir"
      name="robots"
    />
    <meta
      content="#B80000"
      name="theme-color"
    />
    <meta
      content="width=device-width, initial-scale=1, minimum-scale=1"
      name="viewport"
    />
    <meta
      content="BBC News 코리아"
      name="apple-mobile-web-app-title"
    />
    <meta
      content="BBC News 코리아"
      name="application-name"
    />
    <meta
      content="세계와 한반도 뉴스를 공정하고 객관적으로 전달해 드립니다"
      name="description"
    />
    <meta
      content="100004154058350"
      name="fb:admins"
    />
    <meta
      content="1609039196070050"
      name="fb:app_id"
    />
    <meta
      content="yes"
      name="mobile-web-app-capable"
    />
    <meta
      content="#B80000"
      name="msapplication-TileColor"
    />
    <meta
      content="https://news.files.bbci.co.uk/include/articles/public/korean/images/icons/icon-144x144.png"
      name="msapplication-TileImage"
    />
    <meta
      content="세계와 한반도 뉴스를 공정하고 객관적으로 전달해 드립니다"
      name="og:description"
    />
    <meta
      content="https://news.files.bbci.co.uk/ws/img/logos/og/korean.png"
      name="og:image"
    />
    <meta
      content="BBC News 코리아"
      name="og:image:alt"
    />
    <meta
      content="ko-KO"
      name="og:locale"
    />
    <meta
      content="BBC News 코리아"
      name="og:site_name"
    />
    <meta
      content="BBC 코리아 라디오 - BBC News 코리아"
      name="og:title"
    />
    <meta
      content="website"
      name="og:type"
    />
    <meta
      content="https://www.bbc.com/korean/bbc_korean_radio/liveradio"
      name="og:url"
    />
    <meta
      content="summary_large_image"
      name="twitter:card"
    />
    <meta
      content="@bbcnews"
      name="twitter:creator"
    />
    <meta
      content="세계와 한반도 뉴스를 공정하고 객관적으로 전달해 드립니다"
      name="twitter:description"
    />
    <meta
      content="BBC News 코리아"
      name="twitter:image:alt"
    />
    <meta
      content="https://news.files.bbci.co.uk/ws/img/logos/og/korean.png"
      name="twitter:image:src"
    />
    <meta
      content="@bbcnews"
      name="twitter:site"
    />
    <meta
      content="BBC 코리아 라디오 - BBC News 코리아"
      name="twitter:title"
    />
  </head>
  <body>
    <div />
  </body>
</html>
`;
