// Jest Snapshot v1, https://goo.gl/fbAQLP

exports[`ErrorContainer should compose ErrorContainer with the Page Handler in the correct order 1`] = `
<div
  id="ContextsContainer"
>
  <div
    id="PageWrapperContainer"
  >
    <div
      id="LoadingContainer"
    >
      <div>
        ErrorMain
      </div>
    </div>
  </div>
</div>
`;
