// Jest Snapshot v1, https://goo.gl/fbAQLP

exports[`Media Page snapshots should match scaffold snapshot 1`] = `
<div
  id="PageWrapperContainer"
>
  <div
    id="LoadingContainer"
  >
    <div
      id="ErrorContainer"
    >
      <div
        id="DataContainer"
      >
        <div>
          MediaPageMain
        </div>
      </div>
    </div>
  </div>
</div>
`;
