// Jest Snapshot v1, https://goo.gl/fbAQLP

exports[`MediaPageBlocks Unknown should render correctly 1`] = `
<div>
  <!-- unknown block -->
</div>
`;
