// Jest Snapshot v1, https://goo.gl/fbAQLP

exports[`ArticleTimestamp should render a 'created' Timestamp correctly 1`] = `
.c1 {
  font-size: 0.875rem;
  line-height: 1.125rem;
  color: #6E6E73;
  display: block;
  font-family: ReithSans,Helvetica,Arial,sans-serif;
  font-weight: 400;
  font-style: normal;
  padding-bottom: 0.25rem;
}

.c1:last-child {
  padding-bottom: 1rem;
}

.c0 {
  grid-column: 1 / span 6;
}

@media (min-width:20rem) and (max-width:37.4375rem) {
  .c1 {
    font-size: 0.875rem;
    line-height: 1.125rem;
  }
}

@media (min-width:37.5rem) {
  .c1 {
    font-size: 0.8125rem;
    line-height: 1rem;
  }
}

@media (max-width:25rem) {
  .c0 {
    padding: 0 0.5rem;
  }
}

@media (min-width:25rem) and (max-width:62.9375rem) {
  .c0 {
    padding: 0 1rem;
  }
}

@media (min-width:37.5rem) {
  .c0 {
    grid-column: 1 / span 5;
    max-width: 83.33%;
  }
}

@media (min-width:63rem) and (max-width:80rem) {
  .c0 {
    grid-column: 3 / span 5;
    max-width: 37.75rem;
  }
}

@media (min-width:80rem) {
  .c0 {
    grid-column: 2 / span 4;
    max-width: 38.5rem;
  }
}

@supports (display:grid) {
  .c0 {
    max-width: initial;
  }
}

<div
  class="c0"
>
  <time
    class="c1"
    datetime="2018-07-07"
  >
    7 July 2018
  </time>
</div>
`;

exports[`ArticleTimestamp should render both a 'created' and an 'updated' Timestamp correctly 1`] = `
.c1 {
  font-size: 0.875rem;
  line-height: 1.125rem;
  color: #6E6E73;
  display: block;
  font-family: ReithSans,Helvetica,Arial,sans-serif;
  font-weight: 400;
  font-style: normal;
  padding-bottom: 0.25rem;
}

.c1:last-child {
  padding-bottom: 1rem;
}

.c0 {
  grid-column: 1 / span 6;
}

@media (min-width:20rem) and (max-width:37.4375rem) {
  .c1 {
    font-size: 0.875rem;
    line-height: 1.125rem;
  }
}

@media (min-width:37.5rem) {
  .c1 {
    font-size: 0.8125rem;
    line-height: 1rem;
  }
}

@media (max-width:25rem) {
  .c0 {
    padding: 0 0.5rem;
  }
}

@media (min-width:25rem) and (max-width:62.9375rem) {
  .c0 {
    padding: 0 1rem;
  }
}

@media (min-width:37.5rem) {
  .c0 {
    grid-column: 1 / span 5;
    max-width: 83.33%;
  }
}

@media (min-width:63rem) and (max-width:80rem) {
  .c0 {
    grid-column: 3 / span 5;
    max-width: 37.75rem;
  }
}

@media (min-width:80rem) {
  .c0 {
    grid-column: 2 / span 4;
    max-width: 38.5rem;
  }
}

@supports (display:grid) {
  .c0 {
    max-width: initial;
  }
}

<div
  class="c0"
>
  <time
    class="c1"
    datetime="2018-07-07"
  >
    7 July 2018
  </time>
  <time
    class="c1"
    datetime="2019-03-15"
  >
    Updated 
    15 March 2019
  </time>
</div>
`;
